MPLINK 5.09, LINKER
Linker Map File - Created Fri Nov 22 13:51:53 2024

                                 Section Info
                  Section       Type    Address   Location Size(Bytes)
                ---------  ---------  ---------  ---------  ---------
                   .org_0       code   0x000000    program   0x000002
                   .cinit    romdata   0x000001    program   0x000004
                   .org_1       code   0x000004    program   0x0002e6
               START_CODE       code   0x000177    program   0x0000ae
            I2CWRITE_CODE       code   0x0001ce    program   0x0000a6
             EEWRITE_CODE       code   0x000221    program   0x000020
              EEREAD_CODE       code   0x000231    program   0x000010
              PUSHIN_CODE       code   0x000239    program   0x000008
              POPOUT_CODE       code   0x00023d    program   0x000008
.config_8007_BUILD/DEFAULT/PRODUCTION/MIDIMAS       code   0x008007    program   0x000002
.config_8008_BUILD/DEFAULT/PRODUCTION/MIDIMAS       code   0x008008    program   0x000002



                              Program Memory Usage 
                               Start         End      
                           ---------   ---------      
                            0x000000    0x000002      
                            0x000004    0x000240      
                            0x008007    0x008008      
            578 out of 16647 program addresses used, program memory utilization is 3%



                              Symbols - Sorted by Name
                     Name    Address   Location    Storage File                     
                ---------  ---------  ---------  --------- ---------                
                ADDRESSUP   0x000174    program     static C:\Users\jackel\Documents\Midi-Bass-Guitar\MidiMaster.X\MidiMaster.asm
                   BADADD   0x000112    program     static C:\Users\jackel\Documents\Midi-Bass-Guitar\MidiMaster.X\MidiMaster.asm
                     BAIL   0x00013e    program     static C:\Users\jackel\Documents\Midi-Bass-Guitar\MidiMaster.X\MidiMaster.asm
                    BYTE1   0x00016c    program     static C:\Users\jackel\Documents\Midi-Bass-Guitar\MidiMaster.X\MidiMaster.asm
                    BYTE2   0x000170    program     static C:\Users\jackel\Documents\Midi-Bass-Guitar\MidiMaster.X\MidiMaster.asm
                  CHECKUP   0x0000a2    program     static C:\Users\jackel\Documents\Midi-Bass-Guitar\MidiMaster.X\MidiMaster.asm
                   CHECKW   0x00021d    program     static C:\Users\jackel\Documents\Midi-Bass-Guitar\MidiMaster.X\MidiMasterI2CWRITE.inc
                DECSTRING   0x0000ea    program     static C:\Users\jackel\Documents\Midi-Bass-Guitar\MidiMaster.X\MidiMaster.asm
              DOUBLEDOWNA   0x000103    program     static C:\Users\jackel\Documents\Midi-Bass-Guitar\MidiMaster.X\MidiMaster.asm
              DOUBLEDOWND   0x0000fc    program     static C:\Users\jackel\Documents\Midi-Bass-Guitar\MidiMaster.X\MidiMaster.asm
              DOUBLEDOWNG   0x0000f5    program     static C:\Users\jackel\Documents\Midi-Bass-Guitar\MidiMaster.X\MidiMaster.asm
                    DOWNA   0x0000e3    program     static C:\Users\jackel\Documents\Midi-Bass-Guitar\MidiMaster.X\MidiMaster.asm
                    DOWND   0x0000dc    program     static C:\Users\jackel\Documents\Midi-Bass-Guitar\MidiMaster.X\MidiMaster.asm
                    DOWNG   0x0000d5    program     static C:\Users\jackel\Documents\Midi-Bass-Guitar\MidiMaster.X\MidiMaster.asm
                   EEREAD   0x000231    program     static C:\Users\jackel\Documents\Midi-Bass-Guitar\MidiMaster.X\MidiMasterEEREAD.inc
                  EEWRITE   0x000221    program     static C:\Users\jackel\Documents\Midi-Bass-Guitar\MidiMaster.X\MidiMasterEEWRITE.inc
                 FINDNOTE   0x00007d    program     static C:\Users\jackel\Documents\Midi-Bass-Guitar\MidiMaster.X\MidiMaster.asm
                 FINISHED   0x0001fc    program     static C:\Users\jackel\Documents\Midi-Bass-Guitar\MidiMaster.X\MidiMasterI2CWRITE.inc
                  I2CIDLE   0x000217    program     static C:\Users\jackel\Documents\Midi-Bass-Guitar\MidiMaster.X\MidiMasterI2CWRITE.inc
                  I2CSEND   0x00011a    program     static C:\Users\jackel\Documents\Midi-Bass-Guitar\MidiMaster.X\MidiMaster.asm
                 I2CWRITE   0x0001ce    program     static C:\Users\jackel\Documents\Midi-Bass-Guitar\MidiMaster.X\MidiMasterI2CWRITE.inc
                INCSTRING   0x000095    program     static C:\Users\jackel\Documents\Midi-Bass-Guitar\MidiMaster.X\MidiMaster.asm
                    INTER   0x000143    program     static C:\Users\jackel\Documents\Midi-Bass-Guitar\MidiMaster.X\MidiMaster.asm
                 LOWCHECK   0x0000ce    program     static C:\Users\jackel\Documents\Midi-Bass-Guitar\MidiMaster.X\MidiMaster.asm
                LOWERNOTE   0x0000be    program     static C:\Users\jackel\Documents\Midi-Bass-Guitar\MidiMaster.X\MidiMaster.asm
                     MAIN   0x00005a    program     static C:\Users\jackel\Documents\Midi-Bass-Guitar\MidiMaster.X\MidiMaster.asm
                  MOVETOA   0x000084    program     static C:\Users\jackel\Documents\Midi-Bass-Guitar\MidiMaster.X\MidiMaster.asm
                  MOVETOD   0x00008b    program     static C:\Users\jackel\Documents\Midi-Bass-Guitar\MidiMaster.X\MidiMaster.asm
                  MOVETOG   0x000092    program     static C:\Users\jackel\Documents\Midi-Bass-Guitar\MidiMaster.X\MidiMaster.asm
                     NACK   0x000209    program     static C:\Users\jackel\Documents\Midi-Bass-Guitar\MidiMaster.X\MidiMasterI2CWRITE.inc
                   OCTAVE   0x00009a    program     static C:\Users\jackel\Documents\Midi-Bass-Guitar\MidiMaster.X\MidiMaster.asm
               OCTAVEDOWN   0x00010a    program     static C:\Users\jackel\Documents\Midi-Bass-Guitar\MidiMaster.X\MidiMaster.asm
                   POPOUT   0x00023d    program     static C:\Users\jackel\Documents\Midi-Bass-Guitar\MidiMaster.X\MidiMasterPOPout.inc
                   PUSHIN   0x000239    program     static C:\Users\jackel\Documents\Midi-Bass-Guitar\MidiMaster.X\MidiMasterPUSHin.inc
                  RECIEVE   0x000153    program     static C:\Users\jackel\Documents\Midi-Bass-Guitar\MidiMaster.X\MidiMaster.asm
                    SETUP   0x000005    program     static C:\Users\jackel\Documents\Midi-Bass-Guitar\MidiMaster.X\MidiMaster.asm
                    START   0x000177    program     static C:\Users\jackel\Documents\Midi-Bass-Guitar\MidiMaster.X\MidiMasterSetup.inc
                   VALIDA   0x0000b0    program     static C:\Users\jackel\Documents\Midi-Bass-Guitar\MidiMaster.X\MidiMaster.asm
                   VALIDD   0x0000b7    program     static C:\Users\jackel\Documents\Midi-Bass-Guitar\MidiMaster.X\MidiMaster.asm
                   VALIDE   0x0000a9    program     static C:\Users\jackel\Documents\Midi-Bass-Guitar\MidiMaster.X\MidiMaster.asm
             _.org_1_0007   0x000007    program     static C:\Users\jackel\Documents\Midi-Bass-Guitar\MidiMaster.X\MidiMaster.asm
             _.org_1_000F   0x00000f    program     static C:\Users\jackel\Documents\Midi-Bass-Guitar\MidiMaster.X\MidiMaster.asm
             _.org_1_012D   0x00012d    program     static C:\Users\jackel\Documents\Midi-Bass-Guitar\MidiMaster.X\MidiMaster.asm
       _EEWRITE_CODE_000B   0x00022c    program     static C:\Users\jackel\Documents\Midi-Bass-Guitar\MidiMaster.X\MidiMasterEEWRITE.inc
      _I2CWRITE_CODE_0007   0x0001d5    program     static C:\Users\jackel\Documents\Midi-Bass-Guitar\MidiMaster.X\MidiMasterI2CWRITE.inc
      _I2CWRITE_CODE_000F   0x0001dd    program     static C:\Users\jackel\Documents\Midi-Bass-Guitar\MidiMaster.X\MidiMasterI2CWRITE.inc
      _I2CWRITE_CODE_001C   0x0001ea    program     static C:\Users\jackel\Documents\Midi-Bass-Guitar\MidiMaster.X\MidiMasterI2CWRITE.inc
      _I2CWRITE_CODE_0029   0x0001f7    program     static C:\Users\jackel\Documents\Midi-Bass-Guitar\MidiMaster.X\MidiMasterI2CWRITE.inc
      _I2CWRITE_CODE_0033   0x000201    program     static C:\Users\jackel\Documents\Midi-Bass-Guitar\MidiMaster.X\MidiMasterI2CWRITE.inc
      _I2CWRITE_CODE_0036   0x000204    program     static C:\Users\jackel\Documents\Midi-Bass-Guitar\MidiMaster.X\MidiMasterI2CWRITE.inc
      _I2CWRITE_CODE_0041   0x00020f    program     static C:\Users\jackel\Documents\Midi-Bass-Guitar\MidiMaster.X\MidiMasterI2CWRITE.inc
      _I2CWRITE_CODE_0044   0x000212    program     static C:\Users\jackel\Documents\Midi-Bass-Guitar\MidiMaster.X\MidiMasterI2CWRITE.inc



                              Symbols - Sorted by Address
                     Name    Address   Location    Storage File                     
                ---------  ---------  ---------  --------- ---------                
                    SETUP   0x000005    program     static C:\Users\jackel\Documents\Midi-Bass-Guitar\MidiMaster.X\MidiMaster.asm
             _.org_1_0007   0x000007    program     static C:\Users\jackel\Documents\Midi-Bass-Guitar\MidiMaster.X\MidiMaster.asm
             _.org_1_000F   0x00000f    program     static C:\Users\jackel\Documents\Midi-Bass-Guitar\MidiMaster.X\MidiMaster.asm
                     MAIN   0x00005a    program     static C:\Users\jackel\Documents\Midi-Bass-Guitar\MidiMaster.X\MidiMaster.asm
                 FINDNOTE   0x00007d    program     static C:\Users\jackel\Documents\Midi-Bass-Guitar\MidiMaster.X\MidiMaster.asm
                  MOVETOA   0x000084    program     static C:\Users\jackel\Documents\Midi-Bass-Guitar\MidiMaster.X\MidiMaster.asm
                  MOVETOD   0x00008b    program     static C:\Users\jackel\Documents\Midi-Bass-Guitar\MidiMaster.X\MidiMaster.asm
                  MOVETOG   0x000092    program     static C:\Users\jackel\Documents\Midi-Bass-Guitar\MidiMaster.X\MidiMaster.asm
                INCSTRING   0x000095    program     static C:\Users\jackel\Documents\Midi-Bass-Guitar\MidiMaster.X\MidiMaster.asm
                   OCTAVE   0x00009a    program     static C:\Users\jackel\Documents\Midi-Bass-Guitar\MidiMaster.X\MidiMaster.asm
                  CHECKUP   0x0000a2    program     static C:\Users\jackel\Documents\Midi-Bass-Guitar\MidiMaster.X\MidiMaster.asm
                   VALIDE   0x0000a9    program     static C:\Users\jackel\Documents\Midi-Bass-Guitar\MidiMaster.X\MidiMaster.asm
                   VALIDA   0x0000b0    program     static C:\Users\jackel\Documents\Midi-Bass-Guitar\MidiMaster.X\MidiMaster.asm
                   VALIDD   0x0000b7    program     static C:\Users\jackel\Documents\Midi-Bass-Guitar\MidiMaster.X\MidiMaster.asm
                LOWERNOTE   0x0000be    program     static C:\Users\jackel\Documents\Midi-Bass-Guitar\MidiMaster.X\MidiMaster.asm
                 LOWCHECK   0x0000ce    program     static C:\Users\jackel\Documents\Midi-Bass-Guitar\MidiMaster.X\MidiMaster.asm
                    DOWNG   0x0000d5    program     static C:\Users\jackel\Documents\Midi-Bass-Guitar\MidiMaster.X\MidiMaster.asm
                    DOWND   0x0000dc    program     static C:\Users\jackel\Documents\Midi-Bass-Guitar\MidiMaster.X\MidiMaster.asm
                    DOWNA   0x0000e3    program     static C:\Users\jackel\Documents\Midi-Bass-Guitar\MidiMaster.X\MidiMaster.asm
                DECSTRING   0x0000ea    program     static C:\Users\jackel\Documents\Midi-Bass-Guitar\MidiMaster.X\MidiMaster.asm
              DOUBLEDOWNG   0x0000f5    program     static C:\Users\jackel\Documents\Midi-Bass-Guitar\MidiMaster.X\MidiMaster.asm
              DOUBLEDOWND   0x0000fc    program     static C:\Users\jackel\Documents\Midi-Bass-Guitar\MidiMaster.X\MidiMaster.asm
              DOUBLEDOWNA   0x000103    program     static C:\Users\jackel\Documents\Midi-Bass-Guitar\MidiMaster.X\MidiMaster.asm
               OCTAVEDOWN   0x00010a    program     static C:\Users\jackel\Documents\Midi-Bass-Guitar\MidiMaster.X\MidiMaster.asm
                   BADADD   0x000112    program     static C:\Users\jackel\Documents\Midi-Bass-Guitar\MidiMaster.X\MidiMaster.asm
                  I2CSEND   0x00011a    program     static C:\Users\jackel\Documents\Midi-Bass-Guitar\MidiMaster.X\MidiMaster.asm
             _.org_1_012D   0x00012d    program     static C:\Users\jackel\Documents\Midi-Bass-Guitar\MidiMaster.X\MidiMaster.asm
                     BAIL   0x00013e    program     static C:\Users\jackel\Documents\Midi-Bass-Guitar\MidiMaster.X\MidiMaster.asm
                    INTER   0x000143    program     static C:\Users\jackel\Documents\Midi-Bass-Guitar\MidiMaster.X\MidiMaster.asm
                  RECIEVE   0x000153    program     static C:\Users\jackel\Documents\Midi-Bass-Guitar\MidiMaster.X\MidiMaster.asm
                    BYTE1   0x00016c    program     static C:\Users\jackel\Documents\Midi-Bass-Guitar\MidiMaster.X\MidiMaster.asm
                    BYTE2   0x000170    program     static C:\Users\jackel\Documents\Midi-Bass-Guitar\MidiMaster.X\MidiMaster.asm
                ADDRESSUP   0x000174    program     static C:\Users\jackel\Documents\Midi-Bass-Guitar\MidiMaster.X\MidiMaster.asm
                    START   0x000177    program     static C:\Users\jackel\Documents\Midi-Bass-Guitar\MidiMaster.X\MidiMasterSetup.inc
                 I2CWRITE   0x0001ce    program     static C:\Users\jackel\Documents\Midi-Bass-Guitar\MidiMaster.X\MidiMasterI2CWRITE.inc
      _I2CWRITE_CODE_0007   0x0001d5    program     static C:\Users\jackel\Documents\Midi-Bass-Guitar\MidiMaster.X\MidiMasterI2CWRITE.inc
      _I2CWRITE_CODE_000F   0x0001dd    program     static C:\Users\jackel\Documents\Midi-Bass-Guitar\MidiMaster.X\MidiMasterI2CWRITE.inc
      _I2CWRITE_CODE_001C   0x0001ea    program     static C:\Users\jackel\Documents\Midi-Bass-Guitar\MidiMaster.X\MidiMasterI2CWRITE.inc
      _I2CWRITE_CODE_0029   0x0001f7    program     static C:\Users\jackel\Documents\Midi-Bass-Guitar\MidiMaster.X\MidiMasterI2CWRITE.inc
                 FINISHED   0x0001fc    program     static C:\Users\jackel\Documents\Midi-Bass-Guitar\MidiMaster.X\MidiMasterI2CWRITE.inc
      _I2CWRITE_CODE_0033   0x000201    program     static C:\Users\jackel\Documents\Midi-Bass-Guitar\MidiMaster.X\MidiMasterI2CWRITE.inc
      _I2CWRITE_CODE_0036   0x000204    program     static C:\Users\jackel\Documents\Midi-Bass-Guitar\MidiMaster.X\MidiMasterI2CWRITE.inc
                     NACK   0x000209    program     static C:\Users\jackel\Documents\Midi-Bass-Guitar\MidiMaster.X\MidiMasterI2CWRITE.inc
      _I2CWRITE_CODE_0041   0x00020f    program     static C:\Users\jackel\Documents\Midi-Bass-Guitar\MidiMaster.X\MidiMasterI2CWRITE.inc
      _I2CWRITE_CODE_0044   0x000212    program     static C:\Users\jackel\Documents\Midi-Bass-Guitar\MidiMaster.X\MidiMasterI2CWRITE.inc
                  I2CIDLE   0x000217    program     static C:\Users\jackel\Documents\Midi-Bass-Guitar\MidiMaster.X\MidiMasterI2CWRITE.inc
                   CHECKW   0x00021d    program     static C:\Users\jackel\Documents\Midi-Bass-Guitar\MidiMaster.X\MidiMasterI2CWRITE.inc
                  EEWRITE   0x000221    program     static C:\Users\jackel\Documents\Midi-Bass-Guitar\MidiMaster.X\MidiMasterEEWRITE.inc
       _EEWRITE_CODE_000B   0x00022c    program     static C:\Users\jackel\Documents\Midi-Bass-Guitar\MidiMaster.X\MidiMasterEEWRITE.inc
                   EEREAD   0x000231    program     static C:\Users\jackel\Documents\Midi-Bass-Guitar\MidiMaster.X\MidiMasterEEREAD.inc
                   PUSHIN   0x000239    program     static C:\Users\jackel\Documents\Midi-Bass-Guitar\MidiMaster.X\MidiMasterPUSHin.inc
                   POPOUT   0x00023d    program     static C:\Users\jackel\Documents\Midi-Bass-Guitar\MidiMaster.X\MidiMasterPOPout.inc


