MPLINK 5.09, LINKER
Linker Map File - Created Thu Nov 07 10:28:43 2024

                                 Section Info
                  Section       Type    Address   Location Size(Bytes)
                ---------  ---------  ---------  ---------  ---------
                   .org_0       code   0x000000    program   0x000002
                   .cinit    romdata   0x000001    program   0x000004
                   .org_1       code   0x000004    program   0x00010a
            I2CWRITE_CODE       code   0x000089    program   0x00008a
               START_CODE       code   0x0000ce    program   0x000080
             EEWRITE_CODE       code   0x00010e    program   0x000020
              EEREAD_CODE       code   0x00011e    program   0x000010
              PUSHIN_CODE       code   0x000126    program   0x000008
              POPOUT_CODE       code   0x00012a    program   0x000008
.config_8007_BUILD/DEFAULT/PRODUCTION/MIDIMAS       code   0x008007    program   0x000002
.config_8008_BUILD/DEFAULT/PRODUCTION/MIDIMAS       code   0x008008    program   0x000002



                              Program Memory Usage 
                               Start         End      
                           ---------   ---------      
                            0x000000    0x000002      
                            0x000004    0x00012d      
                            0x008007    0x008008      
            303 out of 16647 program addresses used, program memory utilization is 1%



                              Symbols - Sorted by Name
                     Name    Address   Location    Storage File                     
                ---------  ---------  ---------  --------- ---------                
                    BYTE1   0x000081    program     static C:\Users\jackel\Documents\Midi-Bass-Guitar\MidiMaster.X\MidiMaster.asm
                    BYTE2   0x000085    program     static C:\Users\jackel\Documents\Midi-Bass-Guitar\MidiMaster.X\MidiMaster.asm
                   CHECKW   0x0000ca    program     static C:\Users\jackel\Documents\Midi-Bass-Guitar\MidiMaster.X\MidiMasterI2CWRITE.inc
                   EEREAD   0x00011e    program     static C:\Users\jackel\Documents\Midi-Bass-Guitar\MidiMaster.X\MidiMasterEEREAD.inc
                  EEWRITE   0x00010e    program     static C:\Users\jackel\Documents\Midi-Bass-Guitar\MidiMaster.X\MidiMasterEEWRITE.inc
                 FINISHED   0x0000b3    program     static C:\Users\jackel\Documents\Midi-Bass-Guitar\MidiMaster.X\MidiMasterI2CWRITE.inc
                  I2CIDLE   0x0000c4    program     static C:\Users\jackel\Documents\Midi-Bass-Guitar\MidiMaster.X\MidiMasterI2CWRITE.inc
                 I2CWRITE   0x000089    program     static C:\Users\jackel\Documents\Midi-Bass-Guitar\MidiMaster.X\MidiMasterI2CWRITE.inc
                    INTER   0x00005d    program     static C:\Users\jackel\Documents\Midi-Bass-Guitar\MidiMaster.X\MidiMaster.asm
                     MAIN   0x000045    program     static C:\Users\jackel\Documents\Midi-Bass-Guitar\MidiMaster.X\MidiMaster.asm
                     NACK   0x0000ba    program     static C:\Users\jackel\Documents\Midi-Bass-Guitar\MidiMaster.X\MidiMasterI2CWRITE.inc
                   POPOUT   0x00012a    program     static C:\Users\jackel\Documents\Midi-Bass-Guitar\MidiMaster.X\MidiMasterPOPout.inc
                   PUSHIN   0x000126    program     static C:\Users\jackel\Documents\Midi-Bass-Guitar\MidiMaster.X\MidiMasterPUSHin.inc
                  RECIEVE   0x000068    program     static C:\Users\jackel\Documents\Midi-Bass-Guitar\MidiMaster.X\MidiMaster.asm
                    SETUP   0x000005    program     static C:\Users\jackel\Documents\Midi-Bass-Guitar\MidiMaster.X\MidiMaster.asm
                    START   0x0000ce    program     static C:\Users\jackel\Documents\Midi-Bass-Guitar\MidiMaster.X\MidiMasterSetup.inc
             _.org_1_0007   0x000007    program     static C:\Users\jackel\Documents\Midi-Bass-Guitar\MidiMaster.X\MidiMaster.asm
             _.org_1_000F   0x00000f    program     static C:\Users\jackel\Documents\Midi-Bass-Guitar\MidiMaster.X\MidiMaster.asm
       _EEWRITE_CODE_000B   0x000119    program     static C:\Users\jackel\Documents\Midi-Bass-Guitar\MidiMaster.X\MidiMasterEEWRITE.inc
      _I2CWRITE_CODE_0006   0x00008f    program     static C:\Users\jackel\Documents\Midi-Bass-Guitar\MidiMaster.X\MidiMasterI2CWRITE.inc
      _I2CWRITE_CODE_000E   0x000097    program     static C:\Users\jackel\Documents\Midi-Bass-Guitar\MidiMaster.X\MidiMasterI2CWRITE.inc
      _I2CWRITE_CODE_0019   0x0000a2    program     static C:\Users\jackel\Documents\Midi-Bass-Guitar\MidiMaster.X\MidiMasterI2CWRITE.inc
      _I2CWRITE_CODE_0026   0x0000af    program     static C:\Users\jackel\Documents\Midi-Bass-Guitar\MidiMaster.X\MidiMasterI2CWRITE.inc
      _I2CWRITE_CODE_002D   0x0000b6    program     static C:\Users\jackel\Documents\Midi-Bass-Guitar\MidiMaster.X\MidiMasterI2CWRITE.inc
      _I2CWRITE_CODE_0036   0x0000bf    program     static C:\Users\jackel\Documents\Midi-Bass-Guitar\MidiMaster.X\MidiMasterI2CWRITE.inc



                              Symbols - Sorted by Address
                     Name    Address   Location    Storage File                     
                ---------  ---------  ---------  --------- ---------                
                    SETUP   0x000005    program     static C:\Users\jackel\Documents\Midi-Bass-Guitar\MidiMaster.X\MidiMaster.asm
             _.org_1_0007   0x000007    program     static C:\Users\jackel\Documents\Midi-Bass-Guitar\MidiMaster.X\MidiMaster.asm
             _.org_1_000F   0x00000f    program     static C:\Users\jackel\Documents\Midi-Bass-Guitar\MidiMaster.X\MidiMaster.asm
                     MAIN   0x000045    program     static C:\Users\jackel\Documents\Midi-Bass-Guitar\MidiMaster.X\MidiMaster.asm
                    INTER   0x00005d    program     static C:\Users\jackel\Documents\Midi-Bass-Guitar\MidiMaster.X\MidiMaster.asm
                  RECIEVE   0x000068    program     static C:\Users\jackel\Documents\Midi-Bass-Guitar\MidiMaster.X\MidiMaster.asm
                    BYTE1   0x000081    program     static C:\Users\jackel\Documents\Midi-Bass-Guitar\MidiMaster.X\MidiMaster.asm
                    BYTE2   0x000085    program     static C:\Users\jackel\Documents\Midi-Bass-Guitar\MidiMaster.X\MidiMaster.asm
                 I2CWRITE   0x000089    program     static C:\Users\jackel\Documents\Midi-Bass-Guitar\MidiMaster.X\MidiMasterI2CWRITE.inc
      _I2CWRITE_CODE_0006   0x00008f    program     static C:\Users\jackel\Documents\Midi-Bass-Guitar\MidiMaster.X\MidiMasterI2CWRITE.inc
      _I2CWRITE_CODE_000E   0x000097    program     static C:\Users\jackel\Documents\Midi-Bass-Guitar\MidiMaster.X\MidiMasterI2CWRITE.inc
      _I2CWRITE_CODE_0019   0x0000a2    program     static C:\Users\jackel\Documents\Midi-Bass-Guitar\MidiMaster.X\MidiMasterI2CWRITE.inc
      _I2CWRITE_CODE_0026   0x0000af    program     static C:\Users\jackel\Documents\Midi-Bass-Guitar\MidiMaster.X\MidiMasterI2CWRITE.inc
                 FINISHED   0x0000b3    program     static C:\Users\jackel\Documents\Midi-Bass-Guitar\MidiMaster.X\MidiMasterI2CWRITE.inc
      _I2CWRITE_CODE_002D   0x0000b6    program     static C:\Users\jackel\Documents\Midi-Bass-Guitar\MidiMaster.X\MidiMasterI2CWRITE.inc
                     NACK   0x0000ba    program     static C:\Users\jackel\Documents\Midi-Bass-Guitar\MidiMaster.X\MidiMasterI2CWRITE.inc
      _I2CWRITE_CODE_0036   0x0000bf    program     static C:\Users\jackel\Documents\Midi-Bass-Guitar\MidiMaster.X\MidiMasterI2CWRITE.inc
                  I2CIDLE   0x0000c4    program     static C:\Users\jackel\Documents\Midi-Bass-Guitar\MidiMaster.X\MidiMasterI2CWRITE.inc
                   CHECKW   0x0000ca    program     static C:\Users\jackel\Documents\Midi-Bass-Guitar\MidiMaster.X\MidiMasterI2CWRITE.inc
                    START   0x0000ce    program     static C:\Users\jackel\Documents\Midi-Bass-Guitar\MidiMaster.X\MidiMasterSetup.inc
                  EEWRITE   0x00010e    program     static C:\Users\jackel\Documents\Midi-Bass-Guitar\MidiMaster.X\MidiMasterEEWRITE.inc
       _EEWRITE_CODE_000B   0x000119    program     static C:\Users\jackel\Documents\Midi-Bass-Guitar\MidiMaster.X\MidiMasterEEWRITE.inc
                   EEREAD   0x00011e    program     static C:\Users\jackel\Documents\Midi-Bass-Guitar\MidiMaster.X\MidiMasterEEREAD.inc
                   PUSHIN   0x000126    program     static C:\Users\jackel\Documents\Midi-Bass-Guitar\MidiMaster.X\MidiMasterPUSHin.inc
                   POPOUT   0x00012a    program     static C:\Users\jackel\Documents\Midi-Bass-Guitar\MidiMaster.X\MidiMasterPOPout.inc


