MPLINK 5.09, LINKER
Linker Map File - Created Wed Nov 13 14:52:58 2024

                                 Section Info
                  Section       Type    Address   Location Size(Bytes)
                ---------  ---------  ---------  ---------  ---------
                   .org_0       code   0x000000    program   0x000002
                   .cinit    romdata   0x000001    program   0x000004
                   .org_1       code   0x000004    program   0x00019e
            I2CWRITE_CODE       code   0x0000d3    program   0x000090
               START_CODE       code   0x00011b    program   0x000080
             EEWRITE_CODE       code   0x00015b    program   0x000020
              EEREAD_CODE       code   0x00016b    program   0x000010
              PUSHIN_CODE       code   0x000173    program   0x000008
              POPOUT_CODE       code   0x000177    program   0x000008
.config_8007_BUILD/DEFAULT/PRODUCTION/MIDIMAS       code   0x008007    program   0x000002
.config_8008_BUILD/DEFAULT/PRODUCTION/MIDIMAS       code   0x008008    program   0x000002



                              Program Memory Usage 
                               Start         End      
                           ---------   ---------      
                            0x000000    0x000002      
                            0x000004    0x00017a      
                            0x008007    0x008008      
            380 out of 16647 program addresses used, program memory utilization is 2%



                              Symbols - Sorted by Name
                     Name    Address   Location    Storage File                     
                ---------  ---------  ---------  --------- ---------                
                     BAIL   0x0000a2    program     static C:\Users\jackel\Documents\Midi-Bass-Guitar\MidiMaster.X\MidiMaster.asm
                    BYTE1   0x0000cb    program     static C:\Users\jackel\Documents\Midi-Bass-Guitar\MidiMaster.X\MidiMaster.asm
                    BYTE2   0x0000cf    program     static C:\Users\jackel\Documents\Midi-Bass-Guitar\MidiMaster.X\MidiMaster.asm
                   CHECKW   0x000117    program     static C:\Users\jackel\Documents\Midi-Bass-Guitar\MidiMaster.X\MidiMasterI2CWRITE.inc
                   EEREAD   0x00016b    program     static C:\Users\jackel\Documents\Midi-Bass-Guitar\MidiMaster.X\MidiMasterEEREAD.inc
                  EEWRITE   0x00015b    program     static C:\Users\jackel\Documents\Midi-Bass-Guitar\MidiMaster.X\MidiMasterEEWRITE.inc
                 FINISHED   0x0000ff    program     static C:\Users\jackel\Documents\Midi-Bass-Guitar\MidiMaster.X\MidiMasterI2CWRITE.inc
                  I2CIDLE   0x000111    program     static C:\Users\jackel\Documents\Midi-Bass-Guitar\MidiMaster.X\MidiMasterI2CWRITE.inc
                  I2CSEND   0x00008e    program     static C:\Users\jackel\Documents\Midi-Bass-Guitar\MidiMaster.X\MidiMaster.asm
                 I2CWRITE   0x0000d3    program     static C:\Users\jackel\Documents\Midi-Bass-Guitar\MidiMaster.X\MidiMasterI2CWRITE.inc
                INCSTRING   0x000083    program     static C:\Users\jackel\Documents\Midi-Bass-Guitar\MidiMaster.X\MidiMaster.asm
                    INTER   0x0000a7    program     static C:\Users\jackel\Documents\Midi-Bass-Guitar\MidiMaster.X\MidiMaster.asm
                LOWERNOTE   0x000083    program     static C:\Users\jackel\Documents\Midi-Bass-Guitar\MidiMaster.X\MidiMaster.asm
                     MAIN   0x000058    program     static C:\Users\jackel\Documents\Midi-Bass-Guitar\MidiMaster.X\MidiMaster.asm
                  MOVETOA   0x000083    program     static C:\Users\jackel\Documents\Midi-Bass-Guitar\MidiMaster.X\MidiMaster.asm
                     NACK   0x000107    program     static C:\Users\jackel\Documents\Midi-Bass-Guitar\MidiMaster.X\MidiMasterI2CWRITE.inc
                   OCTAVE   0x000088    program     static C:\Users\jackel\Documents\Midi-Bass-Guitar\MidiMaster.X\MidiMaster.asm
                   POPOUT   0x000177    program     static C:\Users\jackel\Documents\Midi-Bass-Guitar\MidiMaster.X\MidiMasterPOPout.inc
                   PUSHIN   0x000173    program     static C:\Users\jackel\Documents\Midi-Bass-Guitar\MidiMaster.X\MidiMasterPUSHin.inc
                  RECIEVE   0x0000b2    program     static C:\Users\jackel\Documents\Midi-Bass-Guitar\MidiMaster.X\MidiMaster.asm
                    SETUP   0x000005    program     static C:\Users\jackel\Documents\Midi-Bass-Guitar\MidiMaster.X\MidiMaster.asm
                    START   0x00011b    program     static C:\Users\jackel\Documents\Midi-Bass-Guitar\MidiMaster.X\MidiMasterSetup.inc
             _.org_1_0007   0x000007    program     static C:\Users\jackel\Documents\Midi-Bass-Guitar\MidiMaster.X\MidiMaster.asm
             _.org_1_000F   0x00000f    program     static C:\Users\jackel\Documents\Midi-Bass-Guitar\MidiMaster.X\MidiMaster.asm
       _EEWRITE_CODE_000B   0x000166    program     static C:\Users\jackel\Documents\Midi-Bass-Guitar\MidiMaster.X\MidiMasterEEWRITE.inc
      _I2CWRITE_CODE_0006   0x0000d9    program     static C:\Users\jackel\Documents\Midi-Bass-Guitar\MidiMaster.X\MidiMasterI2CWRITE.inc
      _I2CWRITE_CODE_000E   0x0000e1    program     static C:\Users\jackel\Documents\Midi-Bass-Guitar\MidiMaster.X\MidiMasterI2CWRITE.inc
      _I2CWRITE_CODE_001B   0x0000ee    program     static C:\Users\jackel\Documents\Midi-Bass-Guitar\MidiMaster.X\MidiMasterI2CWRITE.inc
      _I2CWRITE_CODE_0028   0x0000fb    program     static C:\Users\jackel\Documents\Midi-Bass-Guitar\MidiMaster.X\MidiMasterI2CWRITE.inc
      _I2CWRITE_CODE_002F   0x000102    program     static C:\Users\jackel\Documents\Midi-Bass-Guitar\MidiMaster.X\MidiMasterI2CWRITE.inc
      _I2CWRITE_CODE_0039   0x00010c    program     static C:\Users\jackel\Documents\Midi-Bass-Guitar\MidiMaster.X\MidiMasterI2CWRITE.inc



                              Symbols - Sorted by Address
                     Name    Address   Location    Storage File                     
                ---------  ---------  ---------  --------- ---------                
                    SETUP   0x000005    program     static C:\Users\jackel\Documents\Midi-Bass-Guitar\MidiMaster.X\MidiMaster.asm
             _.org_1_0007   0x000007    program     static C:\Users\jackel\Documents\Midi-Bass-Guitar\MidiMaster.X\MidiMaster.asm
             _.org_1_000F   0x00000f    program     static C:\Users\jackel\Documents\Midi-Bass-Guitar\MidiMaster.X\MidiMaster.asm
                     MAIN   0x000058    program     static C:\Users\jackel\Documents\Midi-Bass-Guitar\MidiMaster.X\MidiMaster.asm
                  MOVETOA   0x000083    program     static C:\Users\jackel\Documents\Midi-Bass-Guitar\MidiMaster.X\MidiMaster.asm
                LOWERNOTE   0x000083    program     static C:\Users\jackel\Documents\Midi-Bass-Guitar\MidiMaster.X\MidiMaster.asm
                INCSTRING   0x000083    program     static C:\Users\jackel\Documents\Midi-Bass-Guitar\MidiMaster.X\MidiMaster.asm
                   OCTAVE   0x000088    program     static C:\Users\jackel\Documents\Midi-Bass-Guitar\MidiMaster.X\MidiMaster.asm
                  I2CSEND   0x00008e    program     static C:\Users\jackel\Documents\Midi-Bass-Guitar\MidiMaster.X\MidiMaster.asm
                     BAIL   0x0000a2    program     static C:\Users\jackel\Documents\Midi-Bass-Guitar\MidiMaster.X\MidiMaster.asm
                    INTER   0x0000a7    program     static C:\Users\jackel\Documents\Midi-Bass-Guitar\MidiMaster.X\MidiMaster.asm
                  RECIEVE   0x0000b2    program     static C:\Users\jackel\Documents\Midi-Bass-Guitar\MidiMaster.X\MidiMaster.asm
                    BYTE1   0x0000cb    program     static C:\Users\jackel\Documents\Midi-Bass-Guitar\MidiMaster.X\MidiMaster.asm
                    BYTE2   0x0000cf    program     static C:\Users\jackel\Documents\Midi-Bass-Guitar\MidiMaster.X\MidiMaster.asm
                 I2CWRITE   0x0000d3    program     static C:\Users\jackel\Documents\Midi-Bass-Guitar\MidiMaster.X\MidiMasterI2CWRITE.inc
      _I2CWRITE_CODE_0006   0x0000d9    program     static C:\Users\jackel\Documents\Midi-Bass-Guitar\MidiMaster.X\MidiMasterI2CWRITE.inc
      _I2CWRITE_CODE_000E   0x0000e1    program     static C:\Users\jackel\Documents\Midi-Bass-Guitar\MidiMaster.X\MidiMasterI2CWRITE.inc
      _I2CWRITE_CODE_001B   0x0000ee    program     static C:\Users\jackel\Documents\Midi-Bass-Guitar\MidiMaster.X\MidiMasterI2CWRITE.inc
      _I2CWRITE_CODE_0028   0x0000fb    program     static C:\Users\jackel\Documents\Midi-Bass-Guitar\MidiMaster.X\MidiMasterI2CWRITE.inc
                 FINISHED   0x0000ff    program     static C:\Users\jackel\Documents\Midi-Bass-Guitar\MidiMaster.X\MidiMasterI2CWRITE.inc
      _I2CWRITE_CODE_002F   0x000102    program     static C:\Users\jackel\Documents\Midi-Bass-Guitar\MidiMaster.X\MidiMasterI2CWRITE.inc
                     NACK   0x000107    program     static C:\Users\jackel\Documents\Midi-Bass-Guitar\MidiMaster.X\MidiMasterI2CWRITE.inc
      _I2CWRITE_CODE_0039   0x00010c    program     static C:\Users\jackel\Documents\Midi-Bass-Guitar\MidiMaster.X\MidiMasterI2CWRITE.inc
                  I2CIDLE   0x000111    program     static C:\Users\jackel\Documents\Midi-Bass-Guitar\MidiMaster.X\MidiMasterI2CWRITE.inc
                   CHECKW   0x000117    program     static C:\Users\jackel\Documents\Midi-Bass-Guitar\MidiMaster.X\MidiMasterI2CWRITE.inc
                    START   0x00011b    program     static C:\Users\jackel\Documents\Midi-Bass-Guitar\MidiMaster.X\MidiMasterSetup.inc
                  EEWRITE   0x00015b    program     static C:\Users\jackel\Documents\Midi-Bass-Guitar\MidiMaster.X\MidiMasterEEWRITE.inc
       _EEWRITE_CODE_000B   0x000166    program     static C:\Users\jackel\Documents\Midi-Bass-Guitar\MidiMaster.X\MidiMasterEEWRITE.inc
                   EEREAD   0x00016b    program     static C:\Users\jackel\Documents\Midi-Bass-Guitar\MidiMaster.X\MidiMasterEEREAD.inc
                   PUSHIN   0x000173    program     static C:\Users\jackel\Documents\Midi-Bass-Guitar\MidiMaster.X\MidiMasterPUSHin.inc
                   POPOUT   0x000177    program     static C:\Users\jackel\Documents\Midi-Bass-Guitar\MidiMaster.X\MidiMasterPOPout.inc


