MPLINK 5.09, LINKER
Linker Map File - Created Thu Nov 14 13:09:35 2024

                                 Section Info
                  Section       Type    Address   Location Size(Bytes)
                ---------  ---------  ---------  ---------  ---------
                   .org_0       code   0x000000    program   0x000002
                   .cinit    romdata   0x000001    program   0x000004
                   .org_1       code   0x000004    program   0x0001f8
            I2CWRITE_CODE       code   0x000100    program   0x000090
               START_CODE       code   0x000148    program   0x000080
             EEWRITE_CODE       code   0x000188    program   0x000020
              EEREAD_CODE       code   0x000198    program   0x000010
              PUSHIN_CODE       code   0x0001a0    program   0x000008
              POPOUT_CODE       code   0x0001a4    program   0x000008
.config_8007_BUILD/DEFAULT/PRODUCTION/MIDIMAS       code   0x008007    program   0x000002
.config_8008_BUILD/DEFAULT/PRODUCTION/MIDIMAS       code   0x008008    program   0x000002



                              Program Memory Usage 
                               Start         End      
                           ---------   ---------      
                            0x000000    0x000002      
                            0x000004    0x0001a7      
                            0x008007    0x008008      
            425 out of 16647 program addresses used, program memory utilization is 2%



                              Symbols - Sorted by Name
                     Name    Address   Location    Storage File                     
                ---------  ---------  ---------  --------- ---------                
                     BAIL   0x0000cf    program     static C:\Users\jackel\Documents\Midi-Bass-Guitar\MidiMaster.X\MidiMaster.asm
                    BYTE1   0x0000f8    program     static C:\Users\jackel\Documents\Midi-Bass-Guitar\MidiMaster.X\MidiMaster.asm
                    BYTE2   0x0000fc    program     static C:\Users\jackel\Documents\Midi-Bass-Guitar\MidiMaster.X\MidiMaster.asm
                   CHECKW   0x000144    program     static C:\Users\jackel\Documents\Midi-Bass-Guitar\MidiMaster.X\MidiMasterI2CWRITE.inc
                DECSTRING   0x0000af    program     static C:\Users\jackel\Documents\Midi-Bass-Guitar\MidiMaster.X\MidiMaster.asm
                   EEREAD   0x000198    program     static C:\Users\jackel\Documents\Midi-Bass-Guitar\MidiMaster.X\MidiMasterEEREAD.inc
                  EEWRITE   0x000188    program     static C:\Users\jackel\Documents\Midi-Bass-Guitar\MidiMaster.X\MidiMasterEEWRITE.inc
                 FINDNOTE   0x00007c    program     static C:\Users\jackel\Documents\Midi-Bass-Guitar\MidiMaster.X\MidiMaster.asm
                 FINISHED   0x00012c    program     static C:\Users\jackel\Documents\Midi-Bass-Guitar\MidiMaster.X\MidiMasterI2CWRITE.inc
                  I2CIDLE   0x00013e    program     static C:\Users\jackel\Documents\Midi-Bass-Guitar\MidiMaster.X\MidiMasterI2CWRITE.inc
                  I2CSEND   0x0000ba    program     static C:\Users\jackel\Documents\Midi-Bass-Guitar\MidiMaster.X\MidiMaster.asm
                 I2CWRITE   0x000100    program     static C:\Users\jackel\Documents\Midi-Bass-Guitar\MidiMaster.X\MidiMasterI2CWRITE.inc
                INCSTRING   0x000094    program     static C:\Users\jackel\Documents\Midi-Bass-Guitar\MidiMaster.X\MidiMaster.asm
                    INTER   0x0000d4    program     static C:\Users\jackel\Documents\Midi-Bass-Guitar\MidiMaster.X\MidiMaster.asm
                LOWERNOTE   0x00009f    program     static C:\Users\jackel\Documents\Midi-Bass-Guitar\MidiMaster.X\MidiMaster.asm
                     MAIN   0x000058    program     static C:\Users\jackel\Documents\Midi-Bass-Guitar\MidiMaster.X\MidiMaster.asm
                  MOVETOA   0x000083    program     static C:\Users\jackel\Documents\Midi-Bass-Guitar\MidiMaster.X\MidiMaster.asm
                  MOVETOD   0x00008a    program     static C:\Users\jackel\Documents\Midi-Bass-Guitar\MidiMaster.X\MidiMaster.asm
                  MOVETOG   0x000091    program     static C:\Users\jackel\Documents\Midi-Bass-Guitar\MidiMaster.X\MidiMaster.asm
                     NACK   0x000134    program     static C:\Users\jackel\Documents\Midi-Bass-Guitar\MidiMaster.X\MidiMasterI2CWRITE.inc
                   OCTAVE   0x000099    program     static C:\Users\jackel\Documents\Midi-Bass-Guitar\MidiMaster.X\MidiMaster.asm
               OCTAVEDOWN   0x0000b4    program     static C:\Users\jackel\Documents\Midi-Bass-Guitar\MidiMaster.X\MidiMaster.asm
                   POPOUT   0x0001a4    program     static C:\Users\jackel\Documents\Midi-Bass-Guitar\MidiMaster.X\MidiMasterPOPout.inc
                   PUSHIN   0x0001a0    program     static C:\Users\jackel\Documents\Midi-Bass-Guitar\MidiMaster.X\MidiMasterPUSHin.inc
                  RECIEVE   0x0000df    program     static C:\Users\jackel\Documents\Midi-Bass-Guitar\MidiMaster.X\MidiMaster.asm
                    SETUP   0x000005    program     static C:\Users\jackel\Documents\Midi-Bass-Guitar\MidiMaster.X\MidiMaster.asm
                    START   0x000148    program     static C:\Users\jackel\Documents\Midi-Bass-Guitar\MidiMaster.X\MidiMasterSetup.inc
             _.org_1_0007   0x000007    program     static C:\Users\jackel\Documents\Midi-Bass-Guitar\MidiMaster.X\MidiMaster.asm
             _.org_1_000F   0x00000f    program     static C:\Users\jackel\Documents\Midi-Bass-Guitar\MidiMaster.X\MidiMaster.asm
       _EEWRITE_CODE_000B   0x000193    program     static C:\Users\jackel\Documents\Midi-Bass-Guitar\MidiMaster.X\MidiMasterEEWRITE.inc
      _I2CWRITE_CODE_0006   0x000106    program     static C:\Users\jackel\Documents\Midi-Bass-Guitar\MidiMaster.X\MidiMasterI2CWRITE.inc
      _I2CWRITE_CODE_000E   0x00010e    program     static C:\Users\jackel\Documents\Midi-Bass-Guitar\MidiMaster.X\MidiMasterI2CWRITE.inc
      _I2CWRITE_CODE_001B   0x00011b    program     static C:\Users\jackel\Documents\Midi-Bass-Guitar\MidiMaster.X\MidiMasterI2CWRITE.inc
      _I2CWRITE_CODE_0028   0x000128    program     static C:\Users\jackel\Documents\Midi-Bass-Guitar\MidiMaster.X\MidiMasterI2CWRITE.inc
      _I2CWRITE_CODE_002F   0x00012f    program     static C:\Users\jackel\Documents\Midi-Bass-Guitar\MidiMaster.X\MidiMasterI2CWRITE.inc
      _I2CWRITE_CODE_0039   0x000139    program     static C:\Users\jackel\Documents\Midi-Bass-Guitar\MidiMaster.X\MidiMasterI2CWRITE.inc



                              Symbols - Sorted by Address
                     Name    Address   Location    Storage File                     
                ---------  ---------  ---------  --------- ---------                
                    SETUP   0x000005    program     static C:\Users\jackel\Documents\Midi-Bass-Guitar\MidiMaster.X\MidiMaster.asm
             _.org_1_0007   0x000007    program     static C:\Users\jackel\Documents\Midi-Bass-Guitar\MidiMaster.X\MidiMaster.asm
             _.org_1_000F   0x00000f    program     static C:\Users\jackel\Documents\Midi-Bass-Guitar\MidiMaster.X\MidiMaster.asm
                     MAIN   0x000058    program     static C:\Users\jackel\Documents\Midi-Bass-Guitar\MidiMaster.X\MidiMaster.asm
                 FINDNOTE   0x00007c    program     static C:\Users\jackel\Documents\Midi-Bass-Guitar\MidiMaster.X\MidiMaster.asm
                  MOVETOA   0x000083    program     static C:\Users\jackel\Documents\Midi-Bass-Guitar\MidiMaster.X\MidiMaster.asm
                  MOVETOD   0x00008a    program     static C:\Users\jackel\Documents\Midi-Bass-Guitar\MidiMaster.X\MidiMaster.asm
                  MOVETOG   0x000091    program     static C:\Users\jackel\Documents\Midi-Bass-Guitar\MidiMaster.X\MidiMaster.asm
                INCSTRING   0x000094    program     static C:\Users\jackel\Documents\Midi-Bass-Guitar\MidiMaster.X\MidiMaster.asm
                   OCTAVE   0x000099    program     static C:\Users\jackel\Documents\Midi-Bass-Guitar\MidiMaster.X\MidiMaster.asm
                LOWERNOTE   0x00009f    program     static C:\Users\jackel\Documents\Midi-Bass-Guitar\MidiMaster.X\MidiMaster.asm
                DECSTRING   0x0000af    program     static C:\Users\jackel\Documents\Midi-Bass-Guitar\MidiMaster.X\MidiMaster.asm
               OCTAVEDOWN   0x0000b4    program     static C:\Users\jackel\Documents\Midi-Bass-Guitar\MidiMaster.X\MidiMaster.asm
                  I2CSEND   0x0000ba    program     static C:\Users\jackel\Documents\Midi-Bass-Guitar\MidiMaster.X\MidiMaster.asm
                     BAIL   0x0000cf    program     static C:\Users\jackel\Documents\Midi-Bass-Guitar\MidiMaster.X\MidiMaster.asm
                    INTER   0x0000d4    program     static C:\Users\jackel\Documents\Midi-Bass-Guitar\MidiMaster.X\MidiMaster.asm
                  RECIEVE   0x0000df    program     static C:\Users\jackel\Documents\Midi-Bass-Guitar\MidiMaster.X\MidiMaster.asm
                    BYTE1   0x0000f8    program     static C:\Users\jackel\Documents\Midi-Bass-Guitar\MidiMaster.X\MidiMaster.asm
                    BYTE2   0x0000fc    program     static C:\Users\jackel\Documents\Midi-Bass-Guitar\MidiMaster.X\MidiMaster.asm
                 I2CWRITE   0x000100    program     static C:\Users\jackel\Documents\Midi-Bass-Guitar\MidiMaster.X\MidiMasterI2CWRITE.inc
      _I2CWRITE_CODE_0006   0x000106    program     static C:\Users\jackel\Documents\Midi-Bass-Guitar\MidiMaster.X\MidiMasterI2CWRITE.inc
      _I2CWRITE_CODE_000E   0x00010e    program     static C:\Users\jackel\Documents\Midi-Bass-Guitar\MidiMaster.X\MidiMasterI2CWRITE.inc
      _I2CWRITE_CODE_001B   0x00011b    program     static C:\Users\jackel\Documents\Midi-Bass-Guitar\MidiMaster.X\MidiMasterI2CWRITE.inc
      _I2CWRITE_CODE_0028   0x000128    program     static C:\Users\jackel\Documents\Midi-Bass-Guitar\MidiMaster.X\MidiMasterI2CWRITE.inc
                 FINISHED   0x00012c    program     static C:\Users\jackel\Documents\Midi-Bass-Guitar\MidiMaster.X\MidiMasterI2CWRITE.inc
      _I2CWRITE_CODE_002F   0x00012f    program     static C:\Users\jackel\Documents\Midi-Bass-Guitar\MidiMaster.X\MidiMasterI2CWRITE.inc
                     NACK   0x000134    program     static C:\Users\jackel\Documents\Midi-Bass-Guitar\MidiMaster.X\MidiMasterI2CWRITE.inc
      _I2CWRITE_CODE_0039   0x000139    program     static C:\Users\jackel\Documents\Midi-Bass-Guitar\MidiMaster.X\MidiMasterI2CWRITE.inc
                  I2CIDLE   0x00013e    program     static C:\Users\jackel\Documents\Midi-Bass-Guitar\MidiMaster.X\MidiMasterI2CWRITE.inc
                   CHECKW   0x000144    program     static C:\Users\jackel\Documents\Midi-Bass-Guitar\MidiMaster.X\MidiMasterI2CWRITE.inc
                    START   0x000148    program     static C:\Users\jackel\Documents\Midi-Bass-Guitar\MidiMaster.X\MidiMasterSetup.inc
                  EEWRITE   0x000188    program     static C:\Users\jackel\Documents\Midi-Bass-Guitar\MidiMaster.X\MidiMasterEEWRITE.inc
       _EEWRITE_CODE_000B   0x000193    program     static C:\Users\jackel\Documents\Midi-Bass-Guitar\MidiMaster.X\MidiMasterEEWRITE.inc
                   EEREAD   0x000198    program     static C:\Users\jackel\Documents\Midi-Bass-Guitar\MidiMaster.X\MidiMasterEEREAD.inc
                   PUSHIN   0x0001a0    program     static C:\Users\jackel\Documents\Midi-Bass-Guitar\MidiMaster.X\MidiMasterPUSHin.inc
                   POPOUT   0x0001a4    program     static C:\Users\jackel\Documents\Midi-Bass-Guitar\MidiMaster.X\MidiMasterPOPout.inc


