MPLINK 5.09, LINKER
Linker Map File - Created Thu Nov 14 14:14:27 2024

                                 Section Info
                  Section       Type    Address   Location Size(Bytes)
                ---------  ---------  ---------  ---------  ---------
                   .org_0       code   0x000000    program   0x000002
                   .cinit    romdata   0x000001    program   0x000004
                   .org_1       code   0x000004    program   0x000080
               START_CODE       code   0x000044    program   0x000080
              PUSHIN_CODE       code   0x000084    program   0x000008
              POPOUT_CODE       code   0x000088    program   0x000008
.config_8007_BUILD/DEFAULT/PRODUCTION/ASLAVE.       code   0x008007    program   0x000002
.config_8008_BUILD/DEFAULT/PRODUCTION/ASLAVE.       code   0x008008    program   0x000002



                              Program Memory Usage 
                               Start         End      
                           ---------   ---------      
                            0x000000    0x000002      
                            0x000004    0x00008b      
                            0x008007    0x008008      
            141 out of 16647 program addresses used, program memory utilization is 0%



                              Symbols - Sorted by Name
                     Name    Address   Location    Storage File                     
                ---------  ---------  ---------  --------- ---------                
                    INTER   0x00002c    program     static C:\Users\jackel\Documents\Midi-Bass-Guitar\ASlave.X\ASlave.asm
                     MAIN   0x000021    program     static C:\Users\jackel\Documents\Midi-Bass-Guitar\ASlave.X\ASlave.asm
                   POPOUT   0x000088    program     static C:\Users\jackel\Documents\Midi-Bass-Guitar\ASlave.X\ASlavePOPout.inc
                   PUSHIN   0x000084    program     static C:\Users\jackel\Documents\Midi-Bass-Guitar\ASlave.X\AslavePUSHin.inc
                  RECIEVE   0x000038    program     static C:\Users\jackel\Documents\Midi-Bass-Guitar\ASlave.X\ASlave.asm
                    SETUP   0x000005    program     static C:\Users\jackel\Documents\Midi-Bass-Guitar\ASlave.X\ASlave.asm
                    START   0x000044    program     static C:\Users\jackel\Documents\Midi-Bass-Guitar\ASlave.X\ASlaveSetup.inc
                     STOP   0x000026    program     static C:\Users\jackel\Documents\Midi-Bass-Guitar\ASlave.X\ASlave.asm
             _.org_1_000A   0x00000a    program     static C:\Users\jackel\Documents\Midi-Bass-Guitar\ASlave.X\ASlave.asm



                              Symbols - Sorted by Address
                     Name    Address   Location    Storage File                     
                ---------  ---------  ---------  --------- ---------                
                    SETUP   0x000005    program     static C:\Users\jackel\Documents\Midi-Bass-Guitar\ASlave.X\ASlave.asm
             _.org_1_000A   0x00000a    program     static C:\Users\jackel\Documents\Midi-Bass-Guitar\ASlave.X\ASlave.asm
                     MAIN   0x000021    program     static C:\Users\jackel\Documents\Midi-Bass-Guitar\ASlave.X\ASlave.asm
                     STOP   0x000026    program     static C:\Users\jackel\Documents\Midi-Bass-Guitar\ASlave.X\ASlave.asm
                    INTER   0x00002c    program     static C:\Users\jackel\Documents\Midi-Bass-Guitar\ASlave.X\ASlave.asm
                  RECIEVE   0x000038    program     static C:\Users\jackel\Documents\Midi-Bass-Guitar\ASlave.X\ASlave.asm
                    START   0x000044    program     static C:\Users\jackel\Documents\Midi-Bass-Guitar\ASlave.X\ASlaveSetup.inc
                   PUSHIN   0x000084    program     static C:\Users\jackel\Documents\Midi-Bass-Guitar\ASlave.X\AslavePUSHin.inc
                   POPOUT   0x000088    program     static C:\Users\jackel\Documents\Midi-Bass-Guitar\ASlave.X\ASlavePOPout.inc


