MPLINK 5.09, LINKER
Linker Map File - Created Fri Nov 08 20:28:35 2024

                                 Section Info
                  Section       Type    Address   Location Size(Bytes)
                ---------  ---------  ---------  ---------  ---------
                   .org_0       code   0x000000    program   0x000002
                   .cinit    romdata   0x000001    program   0x000004
                   .org_1       code   0x000004    program   0x0002d6
               START_CODE       code   0x00016f    program   0x000080
              PUSHIN_CODE       code   0x0001af    program   0x000008
              POPOUT_CODE       code   0x0001b3    program   0x000008
.config_8007_BUILD/DEFAULT/PRODUCTION/ESLAVE.       code   0x008007    program   0x000002
.config_8008_BUILD/DEFAULT/PRODUCTION/ESLAVE.       code   0x008008    program   0x000002



                              Program Memory Usage 
                               Start         End      
                           ---------   ---------      
                            0x000000    0x000002      
                            0x000004    0x0001b6      
                            0x008007    0x008008      
            440 out of 16647 program addresses used, program memory utilization is 2%



                              Symbols - Sorted by Name
                     Name    Address   Location    Storage File                     
                ---------  ---------  ---------  --------- ---------                
                   EQUALS   0x0000aa    program     static C:\Users\jackel\Documents\Midi-Bass-Guitar\ESlave.X\ESlave.asm
                    INTER   0x000158    program     static C:\Users\jackel\Documents\Midi-Bass-Guitar\ESlave.X\ESlave.asm
                     MAIN   0x00004c    program     static C:\Users\jackel\Documents\Midi-Bass-Guitar\ESlave.X\ESlave.asm
                   POPOUT   0x0001b3    program     static C:\Users\jackel\Documents\Midi-Bass-Guitar\ESlave.X\ESlavePOPout.inc
                   PUSHIN   0x0001af    program     static C:\Users\jackel\Documents\Midi-Bass-Guitar\ESlave.X\ESlavePUSHin.inc
                  RECIEVE   0x000164    program     static C:\Users\jackel\Documents\Midi-Bass-Guitar\ESlave.X\ESlave.asm
                    SETA1   0x0000d8    program     static C:\Users\jackel\Documents\Midi-Bass-Guitar\ESlave.X\ESlave.asm
                    SETA2   0x000138    program     static C:\Users\jackel\Documents\Midi-Bass-Guitar\ESlave.X\ESlave.asm
                   SETAS1   0x0000e0    program     static C:\Users\jackel\Documents\Midi-Bass-Guitar\ESlave.X\ESlave.asm
                   SETAS2   0x000140    program     static C:\Users\jackel\Documents\Midi-Bass-Guitar\ESlave.X\ESlave.asm
                    SETB1   0x0000e8    program     static C:\Users\jackel\Documents\Midi-Bass-Guitar\ESlave.X\ESlave.asm
                    SETB2   0x000148    program     static C:\Users\jackel\Documents\Midi-Bass-Guitar\ESlave.X\ESlave.asm
                    SETC2   0x0000f0    program     static C:\Users\jackel\Documents\Midi-Bass-Guitar\ESlave.X\ESlave.asm
                    SETC3   0x000150    program     static C:\Users\jackel\Documents\Midi-Bass-Guitar\ESlave.X\ESlave.asm
                   SETCS2   0x0000f8    program     static C:\Users\jackel\Documents\Midi-Bass-Guitar\ESlave.X\ESlave.asm
                    SETD2   0x000100    program     static C:\Users\jackel\Documents\Midi-Bass-Guitar\ESlave.X\ESlave.asm
                   SETDS2   0x000108    program     static C:\Users\jackel\Documents\Midi-Bass-Guitar\ESlave.X\ESlave.asm
                    SETE1   0x0000b3    program     static C:\Users\jackel\Documents\Midi-Bass-Guitar\ESlave.X\ESlave.asm
                    SETE2   0x000110    program     static C:\Users\jackel\Documents\Midi-Bass-Guitar\ESlave.X\ESlave.asm
                    SETF1   0x0000b8    program     static C:\Users\jackel\Documents\Midi-Bass-Guitar\ESlave.X\ESlave.asm
                    SETF2   0x000118    program     static C:\Users\jackel\Documents\Midi-Bass-Guitar\ESlave.X\ESlave.asm
                   SETFS1   0x0000c0    program     static C:\Users\jackel\Documents\Midi-Bass-Guitar\ESlave.X\ESlave.asm
                   SETFS2   0x000120    program     static C:\Users\jackel\Documents\Midi-Bass-Guitar\ESlave.X\ESlave.asm
                    SETG1   0x0000c8    program     static C:\Users\jackel\Documents\Midi-Bass-Guitar\ESlave.X\ESlave.asm
                    SETG2   0x000128    program     static C:\Users\jackel\Documents\Midi-Bass-Guitar\ESlave.X\ESlave.asm
                   SETGS1   0x0000d0    program     static C:\Users\jackel\Documents\Midi-Bass-Guitar\ESlave.X\ESlave.asm
                   SETGS2   0x000130    program     static C:\Users\jackel\Documents\Midi-Bass-Guitar\ESlave.X\ESlave.asm
                    SETUP   0x000005    program     static C:\Users\jackel\Documents\Midi-Bass-Guitar\ESlave.X\ESlave.asm
                    START   0x00016f    program     static C:\Users\jackel\Documents\Midi-Bass-Guitar\ESlave.X\ESlaveSetup.inc
                     STOP   0x0000ad    program     static C:\Users\jackel\Documents\Midi-Bass-Guitar\ESlave.X\ESlave.asm
             _.org_1_000A   0x00000a    program     static C:\Users\jackel\Documents\Midi-Bass-Guitar\ESlave.X\ESlave.asm



                              Symbols - Sorted by Address
                     Name    Address   Location    Storage File                     
                ---------  ---------  ---------  --------- ---------                
                    SETUP   0x000005    program     static C:\Users\jackel\Documents\Midi-Bass-Guitar\ESlave.X\ESlave.asm
             _.org_1_000A   0x00000a    program     static C:\Users\jackel\Documents\Midi-Bass-Guitar\ESlave.X\ESlave.asm
                     MAIN   0x00004c    program     static C:\Users\jackel\Documents\Midi-Bass-Guitar\ESlave.X\ESlave.asm
                   EQUALS   0x0000aa    program     static C:\Users\jackel\Documents\Midi-Bass-Guitar\ESlave.X\ESlave.asm
                     STOP   0x0000ad    program     static C:\Users\jackel\Documents\Midi-Bass-Guitar\ESlave.X\ESlave.asm
                    SETE1   0x0000b3    program     static C:\Users\jackel\Documents\Midi-Bass-Guitar\ESlave.X\ESlave.asm
                    SETF1   0x0000b8    program     static C:\Users\jackel\Documents\Midi-Bass-Guitar\ESlave.X\ESlave.asm
                   SETFS1   0x0000c0    program     static C:\Users\jackel\Documents\Midi-Bass-Guitar\ESlave.X\ESlave.asm
                    SETG1   0x0000c8    program     static C:\Users\jackel\Documents\Midi-Bass-Guitar\ESlave.X\ESlave.asm
                   SETGS1   0x0000d0    program     static C:\Users\jackel\Documents\Midi-Bass-Guitar\ESlave.X\ESlave.asm
                    SETA1   0x0000d8    program     static C:\Users\jackel\Documents\Midi-Bass-Guitar\ESlave.X\ESlave.asm
                   SETAS1   0x0000e0    program     static C:\Users\jackel\Documents\Midi-Bass-Guitar\ESlave.X\ESlave.asm
                    SETB1   0x0000e8    program     static C:\Users\jackel\Documents\Midi-Bass-Guitar\ESlave.X\ESlave.asm
                    SETC2   0x0000f0    program     static C:\Users\jackel\Documents\Midi-Bass-Guitar\ESlave.X\ESlave.asm
                   SETCS2   0x0000f8    program     static C:\Users\jackel\Documents\Midi-Bass-Guitar\ESlave.X\ESlave.asm
                    SETD2   0x000100    program     static C:\Users\jackel\Documents\Midi-Bass-Guitar\ESlave.X\ESlave.asm
                   SETDS2   0x000108    program     static C:\Users\jackel\Documents\Midi-Bass-Guitar\ESlave.X\ESlave.asm
                    SETE2   0x000110    program     static C:\Users\jackel\Documents\Midi-Bass-Guitar\ESlave.X\ESlave.asm
                    SETF2   0x000118    program     static C:\Users\jackel\Documents\Midi-Bass-Guitar\ESlave.X\ESlave.asm
                   SETFS2   0x000120    program     static C:\Users\jackel\Documents\Midi-Bass-Guitar\ESlave.X\ESlave.asm
                    SETG2   0x000128    program     static C:\Users\jackel\Documents\Midi-Bass-Guitar\ESlave.X\ESlave.asm
                   SETGS2   0x000130    program     static C:\Users\jackel\Documents\Midi-Bass-Guitar\ESlave.X\ESlave.asm
                    SETA2   0x000138    program     static C:\Users\jackel\Documents\Midi-Bass-Guitar\ESlave.X\ESlave.asm
                   SETAS2   0x000140    program     static C:\Users\jackel\Documents\Midi-Bass-Guitar\ESlave.X\ESlave.asm
                    SETB2   0x000148    program     static C:\Users\jackel\Documents\Midi-Bass-Guitar\ESlave.X\ESlave.asm
                    SETC3   0x000150    program     static C:\Users\jackel\Documents\Midi-Bass-Guitar\ESlave.X\ESlave.asm
                    INTER   0x000158    program     static C:\Users\jackel\Documents\Midi-Bass-Guitar\ESlave.X\ESlave.asm
                  RECIEVE   0x000164    program     static C:\Users\jackel\Documents\Midi-Bass-Guitar\ESlave.X\ESlave.asm
                    START   0x00016f    program     static C:\Users\jackel\Documents\Midi-Bass-Guitar\ESlave.X\ESlaveSetup.inc
                   PUSHIN   0x0001af    program     static C:\Users\jackel\Documents\Midi-Bass-Guitar\ESlave.X\ESlavePUSHin.inc
                   POPOUT   0x0001b3    program     static C:\Users\jackel\Documents\Midi-Bass-Guitar\ESlave.X\ESlavePOPout.inc


