MPLINK 5.09, LINKER
Linker Map File - Created Mon Mar 31 20:21:33 2025

                                 Section Info
                  Section       Type    Address   Location Size(Bytes)
                ---------  ---------  ---------  ---------  ---------
                   .org_0       code   0x000000    program   0x000002
                   .cinit    romdata   0x000001    program   0x000004
                   .org_1       code   0x000004    program   0x00014e
               START_CODE       code   0x0000ab    program   0x0000b4
              PUSHIN_CODE       code   0x000105    program   0x000008
              POPOUT_CODE       code   0x000109    program   0x000008
.config_8007_BUILD/DEFAULT/PRODUCTION/ESLAVE.       code   0x008007    program   0x000002
.config_8008_BUILD/DEFAULT/PRODUCTION/ESLAVE.       code   0x008008    program   0x000002



                              Program Memory Usage 
                               Start         End      
                           ---------   ---------      
                            0x000000    0x000002      
                            0x000004    0x00010c      
                            0x008007    0x008008      
            270 out of 16647 program addresses used, program memory utilization is 1%



                              Symbols - Sorted by Name
                     Name    Address   Location    Storage File                     
                ---------  ---------  ---------  --------- ---------                
                ADDRETURN   0x0000a1    program     static C:\Users\jackel\Documents\Midi-Bass-Guitar\ESlave.X\ESlave.asm
                 A_OFFSET   0x000062    program     static C:\Users\jackel\Documents\Midi-Bass-Guitar\ESlave.X\ESlave.asm
                    CLEAR   0x00006f    program     static C:\Users\jackel\Documents\Midi-Bass-Guitar\ESlave.X\ESlave.asm
                DECSTRING   0x000057    program     static C:\Users\jackel\Documents\Midi-Bass-Guitar\ESlave.X\ESlave.asm
                 D_OFFSET   0x000066    program     static C:\Users\jackel\Documents\Midi-Bass-Guitar\ESlave.X\ESlave.asm
               FRETSELECT   0x00006e    program     static C:\Users\jackel\Documents\Midi-Bass-Guitar\ESlave.X\ESlave.asm
                 G_OFFSET   0x00006a    program     static C:\Users\jackel\Documents\Midi-Bass-Guitar\ESlave.X\ESlave.asm
                    INTER   0x00007d    program     static C:\Users\jackel\Documents\Midi-Bass-Guitar\ESlave.X\ESlave.asm
                     MAIN   0x000051    program     static C:\Users\jackel\Documents\Midi-Bass-Guitar\ESlave.X\ESlave.asm
                   POPOUT   0x000109    program     static C:\Users\jackel\Documents\Midi-Bass-Guitar\ESlave.X\ESlavePOPout.inc
                   PUSHIN   0x000105    program     static C:\Users\jackel\Documents\Midi-Bass-Guitar\ESlave.X\ESlavePUSHin.inc
                  RECIEVE   0x00008b    program     static C:\Users\jackel\Documents\Midi-Bass-Guitar\ESlave.X\ESlave.asm
                    SETUP   0x000005    program     static C:\Users\jackel\Documents\Midi-Bass-Guitar\ESlave.X\ESlave.asm
                    START   0x0000ab    program     static C:\Users\jackel\Documents\Midi-Bass-Guitar\ESlave.X\ESlaveSetup.inc
                     STOP   0x000077    program     static C:\Users\jackel\Documents\Midi-Bass-Guitar\ESlave.X\ESlave.asm
                STRINGSEL   0x0000a4    program     static C:\Users\jackel\Documents\Midi-Bass-Guitar\ESlave.X\ESlave.asm
             _.org_1_000A   0x00000a    program     static C:\Users\jackel\Documents\Midi-Bass-Guitar\ESlave.X\ESlave.asm



                              Symbols - Sorted by Address
                     Name    Address   Location    Storage File                     
                ---------  ---------  ---------  --------- ---------                
                    SETUP   0x000005    program     static C:\Users\jackel\Documents\Midi-Bass-Guitar\ESlave.X\ESlave.asm
             _.org_1_000A   0x00000a    program     static C:\Users\jackel\Documents\Midi-Bass-Guitar\ESlave.X\ESlave.asm
                     MAIN   0x000051    program     static C:\Users\jackel\Documents\Midi-Bass-Guitar\ESlave.X\ESlave.asm
                DECSTRING   0x000057    program     static C:\Users\jackel\Documents\Midi-Bass-Guitar\ESlave.X\ESlave.asm
                 A_OFFSET   0x000062    program     static C:\Users\jackel\Documents\Midi-Bass-Guitar\ESlave.X\ESlave.asm
                 D_OFFSET   0x000066    program     static C:\Users\jackel\Documents\Midi-Bass-Guitar\ESlave.X\ESlave.asm
                 G_OFFSET   0x00006a    program     static C:\Users\jackel\Documents\Midi-Bass-Guitar\ESlave.X\ESlave.asm
               FRETSELECT   0x00006e    program     static C:\Users\jackel\Documents\Midi-Bass-Guitar\ESlave.X\ESlave.asm
                    CLEAR   0x00006f    program     static C:\Users\jackel\Documents\Midi-Bass-Guitar\ESlave.X\ESlave.asm
                     STOP   0x000077    program     static C:\Users\jackel\Documents\Midi-Bass-Guitar\ESlave.X\ESlave.asm
                    INTER   0x00007d    program     static C:\Users\jackel\Documents\Midi-Bass-Guitar\ESlave.X\ESlave.asm
                  RECIEVE   0x00008b    program     static C:\Users\jackel\Documents\Midi-Bass-Guitar\ESlave.X\ESlave.asm
                ADDRETURN   0x0000a1    program     static C:\Users\jackel\Documents\Midi-Bass-Guitar\ESlave.X\ESlave.asm
                STRINGSEL   0x0000a4    program     static C:\Users\jackel\Documents\Midi-Bass-Guitar\ESlave.X\ESlave.asm
                    START   0x0000ab    program     static C:\Users\jackel\Documents\Midi-Bass-Guitar\ESlave.X\ESlaveSetup.inc
                   PUSHIN   0x000105    program     static C:\Users\jackel\Documents\Midi-Bass-Guitar\ESlave.X\ESlavePUSHin.inc
                   POPOUT   0x000109    program     static C:\Users\jackel\Documents\Midi-Bass-Guitar\ESlave.X\ESlavePOPout.inc


