MPLINK 5.09, LINKER
Linker Map File - Created Thu Nov 21 11:22:06 2024

                                 Section Info
                  Section       Type    Address   Location Size(Bytes)
                ---------  ---------  ---------  ---------  ---------
                   .org_0       code   0x000000    program   0x000002
                   .cinit    romdata   0x000001    program   0x000004
                   .org_1       code   0x000004    program   0x0000d0
               START_CODE       code   0x00006c    program   0x00009a
               DRIVE_CODE       code   0x0000b9    program   0x00006a
              PUSHIN_CODE       code   0x0000ee    program   0x000008
              POPOUT_CODE       code   0x0000f2    program   0x000008
.config_8007_BUILD/DEFAULT/PRODUCTION/ESLAVE.       code   0x008007    program   0x000002
.config_8008_BUILD/DEFAULT/PRODUCTION/ESLAVE.       code   0x008008    program   0x000002



                              Program Memory Usage 
                               Start         End      
                           ---------   ---------      
                            0x000000    0x000002      
                            0x000004    0x0000f5      
                            0x008007    0x008008      
            247 out of 16647 program addresses used, program memory utilization is 1%



                              Symbols - Sorted by Name
                     Name    Address   Location    Storage File                     
                ---------  ---------  ---------  --------- ---------                
                    DELAY   0x0000e2    program     static C:\Users\jackel\Documents\Midi-Bass-Guitar\ESlave.X\StepperDrive.inc
                    DRIVE   0x0000b9    program     static C:\Users\jackel\Documents\Midi-Bass-Guitar\ESlave.X\StepperDrive.inc
                   EQUALS   0x000048    program     static C:\Users\jackel\Documents\Midi-Bass-Guitar\ESlave.X\ESlave.asm
                EVALBYTE1   0x0000cf    program     static C:\Users\jackel\Documents\Midi-Bass-Guitar\ESlave.X\StepperDrive.inc
                EVALBYTE2   0x0000c8    program     static C:\Users\jackel\Documents\Midi-Bass-Guitar\ESlave.X\StepperDrive.inc
                EVALBYTE3   0x0000c1    program     static C:\Users\jackel\Documents\Midi-Bass-Guitar\ESlave.X\StepperDrive.inc
                    INTER   0x000052    program     static C:\Users\jackel\Documents\Midi-Bass-Guitar\ESlave.X\ESlave.asm
               LOWERLOOP1   0x0000d3    program     static C:\Users\jackel\Documents\Midi-Bass-Guitar\ESlave.X\StepperDrive.inc
               LOWERLOOP2   0x0000cc    program     static C:\Users\jackel\Documents\Midi-Bass-Guitar\ESlave.X\StepperDrive.inc
                     MAIN   0x000041    program     static C:\Users\jackel\Documents\Midi-Bass-Guitar\ESlave.X\ESlave.asm
                   POPOUT   0x0000f2    program     static C:\Users\jackel\Documents\Midi-Bass-Guitar\ESlave.X\ESlavePOPout.inc
                   PUSHIN   0x0000ee    program     static C:\Users\jackel\Documents\Midi-Bass-Guitar\ESlave.X\ESlavePUSHin.inc
                  RECIEVE   0x00005e    program     static C:\Users\jackel\Documents\Midi-Bass-Guitar\ESlave.X\ESlave.asm
                    SETA1   0x000051    program     static C:\Users\jackel\Documents\Midi-Bass-Guitar\ESlave.X\ESlave.asm
                    SETA2   0x000051    program     static C:\Users\jackel\Documents\Midi-Bass-Guitar\ESlave.X\ESlave.asm
                   SETAS1   0x000051    program     static C:\Users\jackel\Documents\Midi-Bass-Guitar\ESlave.X\ESlave.asm
                   SETAS2   0x000051    program     static C:\Users\jackel\Documents\Midi-Bass-Guitar\ESlave.X\ESlave.asm
                    SETB1   0x000051    program     static C:\Users\jackel\Documents\Midi-Bass-Guitar\ESlave.X\ESlave.asm
                    SETB2   0x000051    program     static C:\Users\jackel\Documents\Midi-Bass-Guitar\ESlave.X\ESlave.asm
                    SETC2   0x000051    program     static C:\Users\jackel\Documents\Midi-Bass-Guitar\ESlave.X\ESlave.asm
                    SETC3   0x000051    program     static C:\Users\jackel\Documents\Midi-Bass-Guitar\ESlave.X\ESlave.asm
                   SETCS2   0x000051    program     static C:\Users\jackel\Documents\Midi-Bass-Guitar\ESlave.X\ESlave.asm
                    SETD2   0x000051    program     static C:\Users\jackel\Documents\Midi-Bass-Guitar\ESlave.X\ESlave.asm
                   SETDS2   0x000051    program     static C:\Users\jackel\Documents\Midi-Bass-Guitar\ESlave.X\ESlave.asm
                    SETE1   0x000051    program     static C:\Users\jackel\Documents\Midi-Bass-Guitar\ESlave.X\ESlave.asm
                    SETE2   0x000051    program     static C:\Users\jackel\Documents\Midi-Bass-Guitar\ESlave.X\ESlave.asm
                    SETF1   0x000051    program     static C:\Users\jackel\Documents\Midi-Bass-Guitar\ESlave.X\ESlave.asm
                    SETF2   0x000051    program     static C:\Users\jackel\Documents\Midi-Bass-Guitar\ESlave.X\ESlave.asm
                   SETFS1   0x000051    program     static C:\Users\jackel\Documents\Midi-Bass-Guitar\ESlave.X\ESlave.asm
                   SETFS2   0x000051    program     static C:\Users\jackel\Documents\Midi-Bass-Guitar\ESlave.X\ESlave.asm
                    SETG1   0x000051    program     static C:\Users\jackel\Documents\Midi-Bass-Guitar\ESlave.X\ESlave.asm
                    SETG2   0x000051    program     static C:\Users\jackel\Documents\Midi-Bass-Guitar\ESlave.X\ESlave.asm
                   SETGS1   0x000051    program     static C:\Users\jackel\Documents\Midi-Bass-Guitar\ESlave.X\ESlave.asm
                   SETGS2   0x000051    program     static C:\Users\jackel\Documents\Midi-Bass-Guitar\ESlave.X\ESlave.asm
                    SETUP   0x000005    program     static C:\Users\jackel\Documents\Midi-Bass-Guitar\ESlave.X\ESlave.asm
                    START   0x00006c    program     static C:\Users\jackel\Documents\Midi-Bass-Guitar\ESlave.X\ESlaveSetup.inc
                     STEP   0x0000d7    program     static C:\Users\jackel\Documents\Midi-Bass-Guitar\ESlave.X\StepperDrive.inc
                     STOP   0x00004b    program     static C:\Users\jackel\Documents\Midi-Bass-Guitar\ESlave.X\ESlave.asm
               UPPERLOOP1   0x0000c5    program     static C:\Users\jackel\Documents\Midi-Bass-Guitar\ESlave.X\StepperDrive.inc
               UPPERLOOP2   0x0000be    program     static C:\Users\jackel\Documents\Midi-Bass-Guitar\ESlave.X\StepperDrive.inc
             _.org_1_000A   0x00000a    program     static C:\Users\jackel\Documents\Midi-Bass-Guitar\ESlave.X\ESlave.asm
             _.org_1_0065   0x000065    program     static C:\Users\jackel\Documents\Midi-Bass-Guitar\ESlave.X\ESlave.asm
         _DRIVE_CODE_0021   0x0000da    program     static C:\Users\jackel\Documents\Midi-Bass-Guitar\ESlave.X\StepperDrive.inc
         _DRIVE_CODE_0026   0x0000df    program     static C:\Users\jackel\Documents\Midi-Bass-Guitar\ESlave.X\StepperDrive.inc



                              Symbols - Sorted by Address
                     Name    Address   Location    Storage File                     
                ---------  ---------  ---------  --------- ---------                
                    SETUP   0x000005    program     static C:\Users\jackel\Documents\Midi-Bass-Guitar\ESlave.X\ESlave.asm
             _.org_1_000A   0x00000a    program     static C:\Users\jackel\Documents\Midi-Bass-Guitar\ESlave.X\ESlave.asm
                     MAIN   0x000041    program     static C:\Users\jackel\Documents\Midi-Bass-Guitar\ESlave.X\ESlave.asm
                   EQUALS   0x000048    program     static C:\Users\jackel\Documents\Midi-Bass-Guitar\ESlave.X\ESlave.asm
                     STOP   0x00004b    program     static C:\Users\jackel\Documents\Midi-Bass-Guitar\ESlave.X\ESlave.asm
                   SETGS2   0x000051    program     static C:\Users\jackel\Documents\Midi-Bass-Guitar\ESlave.X\ESlave.asm
                   SETGS1   0x000051    program     static C:\Users\jackel\Documents\Midi-Bass-Guitar\ESlave.X\ESlave.asm
                    SETG2   0x000051    program     static C:\Users\jackel\Documents\Midi-Bass-Guitar\ESlave.X\ESlave.asm
                    SETG1   0x000051    program     static C:\Users\jackel\Documents\Midi-Bass-Guitar\ESlave.X\ESlave.asm
                   SETFS2   0x000051    program     static C:\Users\jackel\Documents\Midi-Bass-Guitar\ESlave.X\ESlave.asm
                   SETFS1   0x000051    program     static C:\Users\jackel\Documents\Midi-Bass-Guitar\ESlave.X\ESlave.asm
                    SETF2   0x000051    program     static C:\Users\jackel\Documents\Midi-Bass-Guitar\ESlave.X\ESlave.asm
                    SETF1   0x000051    program     static C:\Users\jackel\Documents\Midi-Bass-Guitar\ESlave.X\ESlave.asm
                    SETE2   0x000051    program     static C:\Users\jackel\Documents\Midi-Bass-Guitar\ESlave.X\ESlave.asm
                    SETE1   0x000051    program     static C:\Users\jackel\Documents\Midi-Bass-Guitar\ESlave.X\ESlave.asm
                   SETDS2   0x000051    program     static C:\Users\jackel\Documents\Midi-Bass-Guitar\ESlave.X\ESlave.asm
                    SETD2   0x000051    program     static C:\Users\jackel\Documents\Midi-Bass-Guitar\ESlave.X\ESlave.asm
                   SETCS2   0x000051    program     static C:\Users\jackel\Documents\Midi-Bass-Guitar\ESlave.X\ESlave.asm
                    SETC3   0x000051    program     static C:\Users\jackel\Documents\Midi-Bass-Guitar\ESlave.X\ESlave.asm
                    SETC2   0x000051    program     static C:\Users\jackel\Documents\Midi-Bass-Guitar\ESlave.X\ESlave.asm
                    SETB2   0x000051    program     static C:\Users\jackel\Documents\Midi-Bass-Guitar\ESlave.X\ESlave.asm
                    SETB1   0x000051    program     static C:\Users\jackel\Documents\Midi-Bass-Guitar\ESlave.X\ESlave.asm
                   SETAS2   0x000051    program     static C:\Users\jackel\Documents\Midi-Bass-Guitar\ESlave.X\ESlave.asm
                   SETAS1   0x000051    program     static C:\Users\jackel\Documents\Midi-Bass-Guitar\ESlave.X\ESlave.asm
                    SETA2   0x000051    program     static C:\Users\jackel\Documents\Midi-Bass-Guitar\ESlave.X\ESlave.asm
                    SETA1   0x000051    program     static C:\Users\jackel\Documents\Midi-Bass-Guitar\ESlave.X\ESlave.asm
                    INTER   0x000052    program     static C:\Users\jackel\Documents\Midi-Bass-Guitar\ESlave.X\ESlave.asm
                  RECIEVE   0x00005e    program     static C:\Users\jackel\Documents\Midi-Bass-Guitar\ESlave.X\ESlave.asm
             _.org_1_0065   0x000065    program     static C:\Users\jackel\Documents\Midi-Bass-Guitar\ESlave.X\ESlave.asm
                    START   0x00006c    program     static C:\Users\jackel\Documents\Midi-Bass-Guitar\ESlave.X\ESlaveSetup.inc
                    DRIVE   0x0000b9    program     static C:\Users\jackel\Documents\Midi-Bass-Guitar\ESlave.X\StepperDrive.inc
               UPPERLOOP2   0x0000be    program     static C:\Users\jackel\Documents\Midi-Bass-Guitar\ESlave.X\StepperDrive.inc
                EVALBYTE3   0x0000c1    program     static C:\Users\jackel\Documents\Midi-Bass-Guitar\ESlave.X\StepperDrive.inc
               UPPERLOOP1   0x0000c5    program     static C:\Users\jackel\Documents\Midi-Bass-Guitar\ESlave.X\StepperDrive.inc
                EVALBYTE2   0x0000c8    program     static C:\Users\jackel\Documents\Midi-Bass-Guitar\ESlave.X\StepperDrive.inc
               LOWERLOOP2   0x0000cc    program     static C:\Users\jackel\Documents\Midi-Bass-Guitar\ESlave.X\StepperDrive.inc
                EVALBYTE1   0x0000cf    program     static C:\Users\jackel\Documents\Midi-Bass-Guitar\ESlave.X\StepperDrive.inc
               LOWERLOOP1   0x0000d3    program     static C:\Users\jackel\Documents\Midi-Bass-Guitar\ESlave.X\StepperDrive.inc
                     STEP   0x0000d7    program     static C:\Users\jackel\Documents\Midi-Bass-Guitar\ESlave.X\StepperDrive.inc
         _DRIVE_CODE_0021   0x0000da    program     static C:\Users\jackel\Documents\Midi-Bass-Guitar\ESlave.X\StepperDrive.inc
         _DRIVE_CODE_0026   0x0000df    program     static C:\Users\jackel\Documents\Midi-Bass-Guitar\ESlave.X\StepperDrive.inc
                    DELAY   0x0000e2    program     static C:\Users\jackel\Documents\Midi-Bass-Guitar\ESlave.X\StepperDrive.inc
                   PUSHIN   0x0000ee    program     static C:\Users\jackel\Documents\Midi-Bass-Guitar\ESlave.X\ESlavePUSHin.inc
                   POPOUT   0x0000f2    program     static C:\Users\jackel\Documents\Midi-Bass-Guitar\ESlave.X\ESlavePOPout.inc


