MPLINK 5.09, LINKER
Linker Map File - Created Thu Nov 21 14:47:19 2024

                                 Section Info
                  Section       Type    Address   Location Size(Bytes)
                ---------  ---------  ---------  ---------  ---------
                   .org_0       code   0x000000    program   0x000002
                   .cinit    romdata   0x000001    program   0x000004
                   .org_1       code   0x000004    program   0x000146
               START_CODE       code   0x0000a7    program   0x00009a
               DRIVE_CODE       code   0x0000f4    program   0x00008e
              PUSHIN_CODE       code   0x00013b    program   0x000008
              POPOUT_CODE       code   0x00013f    program   0x000008
.config_8007_BUILD/DEFAULT/PRODUCTION/ESLAVE.       code   0x008007    program   0x000002
.config_8008_BUILD/DEFAULT/PRODUCTION/ESLAVE.       code   0x008008    program   0x000002



                              Program Memory Usage 
                               Start         End      
                           ---------   ---------      
                            0x000000    0x000002      
                            0x000004    0x000142      
                            0x008007    0x008008      
            324 out of 16647 program addresses used, program memory utilization is 1%



                              Symbols - Sorted by Name
                     Name    Address   Location    Storage File                     
                ---------  ---------  ---------  --------- ---------                
                 CALCSTEP   0x000063    program     static C:\Users\jackel\Documents\Midi-Bass-Guitar\ESlave.X\ESlave.asm
                    DELAY   0x00012f    program     static C:\Users\jackel\Documents\Midi-Bass-Guitar\ESlave.X\StepperDrive.inc
                    DRIVE   0x0000f4    program     static C:\Users\jackel\Documents\Midi-Bass-Guitar\ESlave.X\StepperDrive.inc
                EVALBYTE1   0x00011c    program     static C:\Users\jackel\Documents\Midi-Bass-Guitar\ESlave.X\StepperDrive.inc
                EVALBYTE2   0x000112    program     static C:\Users\jackel\Documents\Midi-Bass-Guitar\ESlave.X\StepperDrive.inc
                EVALBYTE3   0x000105    program     static C:\Users\jackel\Documents\Midi-Bass-Guitar\ESlave.X\StepperDrive.inc
                  EVALLOW   0x00006a    program     static C:\Users\jackel\Documents\Midi-Bass-Guitar\ESlave.X\ESlave.asm
                     FIRE   0x000089    program     static C:\Users\jackel\Documents\Midi-Bass-Guitar\ESlave.X\ESlave.asm
              HIGHESTLOOP   0x0000f9    program     static C:\Users\jackel\Documents\Midi-Bass-Guitar\ESlave.X\StepperDrive.inc
                 HIGHLOOP   0x000109    program     static C:\Users\jackel\Documents\Midi-Bass-Guitar\ESlave.X\StepperDrive.inc
                HIGHTABLE   0x000005    program     static C:\Users\jackel\Documents\Midi-Bass-Guitar\ESlave.X\ESlave.asm
                    INTER   0x00008d    program     static C:\Users\jackel\Documents\Midi-Bass-Guitar\ESlave.X\ESlave.asm
                    LOOP0   0x000117    program     static C:\Users\jackel\Documents\Midi-Bass-Guitar\ESlave.X\StepperDrive.inc
               LOWERLOOP1   0x000120    program     static C:\Users\jackel\Documents\Midi-Bass-Guitar\ESlave.X\StepperDrive.inc
               LOWESTLOOP   0x0000fc    program     static C:\Users\jackel\Documents\Midi-Bass-Guitar\ESlave.X\StepperDrive.inc
                  LOWLOOP   0x00010b    program     static C:\Users\jackel\Documents\Midi-Bass-Guitar\ESlave.X\StepperDrive.inc
                 LOWTABLE   0x00001a    program     static C:\Users\jackel\Documents\Midi-Bass-Guitar\ESlave.X\ESlave.asm
                     MAIN   0x000052    program     static C:\Users\jackel\Documents\Midi-Bass-Guitar\ESlave.X\ESlave.asm
               MIDDLELOOP   0x0000fb    program     static C:\Users\jackel\Documents\Midi-Bass-Guitar\ESlave.X\StepperDrive.inc
               MIDESTLOOP   0x0000fa    program     static C:\Users\jackel\Documents\Midi-Bass-Guitar\ESlave.X\StepperDrive.inc
                  MIDLOOP   0x00010a    program     static C:\Users\jackel\Documents\Midi-Bass-Guitar\ESlave.X\StepperDrive.inc
                   POPOUT   0x00013f    program     static C:\Users\jackel\Documents\Midi-Bass-Guitar\ESlave.X\ESlavePOPout.inc
                   PUSHIN   0x00013b    program     static C:\Users\jackel\Documents\Midi-Bass-Guitar\ESlave.X\ESlavePUSHin.inc
                  RECIEVE   0x000099    program     static C:\Users\jackel\Documents\Midi-Bass-Guitar\ESlave.X\ESlave.asm
                    SETUP   0x00002f    program     static C:\Users\jackel\Documents\Midi-Bass-Guitar\ESlave.X\ESlave.asm
                    START   0x0000a7    program     static C:\Users\jackel\Documents\Midi-Bass-Guitar\ESlave.X\ESlaveSetup.inc
                     STEP   0x000124    program     static C:\Users\jackel\Documents\Midi-Bass-Guitar\ESlave.X\StepperDrive.inc
                 STEPBACK   0x000085    program     static C:\Users\jackel\Documents\Midi-Bass-Guitar\ESlave.X\ESlave.asm
                STEPBACKH   0x000079    program     static C:\Users\jackel\Documents\Midi-Bass-Guitar\ESlave.X\ESlave.asm
              STEPFORWARD   0x000081    program     static C:\Users\jackel\Documents\Midi-Bass-Guitar\ESlave.X\ESlave.asm
             STEPFORWARDH   0x000071    program     static C:\Users\jackel\Documents\Midi-Bass-Guitar\ESlave.X\ESlave.asm
                     STOP   0x00005d    program     static C:\Users\jackel\Documents\Midi-Bass-Guitar\ESlave.X\ESlave.asm
               UPPERLOOP0   0x000116    program     static C:\Users\jackel\Documents\Midi-Bass-Guitar\ESlave.X\StepperDrive.inc
             _.org_1_0034   0x000034    program     static C:\Users\jackel\Documents\Midi-Bass-Guitar\ESlave.X\ESlave.asm
             _.org_1_00A0   0x0000a0    program     static C:\Users\jackel\Documents\Midi-Bass-Guitar\ESlave.X\ESlave.asm
         _DRIVE_CODE_0033   0x000127    program     static C:\Users\jackel\Documents\Midi-Bass-Guitar\ESlave.X\StepperDrive.inc
         _DRIVE_CODE_0038   0x00012c    program     static C:\Users\jackel\Documents\Midi-Bass-Guitar\ESlave.X\StepperDrive.inc



                              Symbols - Sorted by Address
                     Name    Address   Location    Storage File                     
                ---------  ---------  ---------  --------- ---------                
                HIGHTABLE   0x000005    program     static C:\Users\jackel\Documents\Midi-Bass-Guitar\ESlave.X\ESlave.asm
                 LOWTABLE   0x00001a    program     static C:\Users\jackel\Documents\Midi-Bass-Guitar\ESlave.X\ESlave.asm
                    SETUP   0x00002f    program     static C:\Users\jackel\Documents\Midi-Bass-Guitar\ESlave.X\ESlave.asm
             _.org_1_0034   0x000034    program     static C:\Users\jackel\Documents\Midi-Bass-Guitar\ESlave.X\ESlave.asm
                     MAIN   0x000052    program     static C:\Users\jackel\Documents\Midi-Bass-Guitar\ESlave.X\ESlave.asm
                     STOP   0x00005d    program     static C:\Users\jackel\Documents\Midi-Bass-Guitar\ESlave.X\ESlave.asm
                 CALCSTEP   0x000063    program     static C:\Users\jackel\Documents\Midi-Bass-Guitar\ESlave.X\ESlave.asm
                  EVALLOW   0x00006a    program     static C:\Users\jackel\Documents\Midi-Bass-Guitar\ESlave.X\ESlave.asm
             STEPFORWARDH   0x000071    program     static C:\Users\jackel\Documents\Midi-Bass-Guitar\ESlave.X\ESlave.asm
                STEPBACKH   0x000079    program     static C:\Users\jackel\Documents\Midi-Bass-Guitar\ESlave.X\ESlave.asm
              STEPFORWARD   0x000081    program     static C:\Users\jackel\Documents\Midi-Bass-Guitar\ESlave.X\ESlave.asm
                 STEPBACK   0x000085    program     static C:\Users\jackel\Documents\Midi-Bass-Guitar\ESlave.X\ESlave.asm
                     FIRE   0x000089    program     static C:\Users\jackel\Documents\Midi-Bass-Guitar\ESlave.X\ESlave.asm
                    INTER   0x00008d    program     static C:\Users\jackel\Documents\Midi-Bass-Guitar\ESlave.X\ESlave.asm
                  RECIEVE   0x000099    program     static C:\Users\jackel\Documents\Midi-Bass-Guitar\ESlave.X\ESlave.asm
             _.org_1_00A0   0x0000a0    program     static C:\Users\jackel\Documents\Midi-Bass-Guitar\ESlave.X\ESlave.asm
                    START   0x0000a7    program     static C:\Users\jackel\Documents\Midi-Bass-Guitar\ESlave.X\ESlaveSetup.inc
                    DRIVE   0x0000f4    program     static C:\Users\jackel\Documents\Midi-Bass-Guitar\ESlave.X\StepperDrive.inc
              HIGHESTLOOP   0x0000f9    program     static C:\Users\jackel\Documents\Midi-Bass-Guitar\ESlave.X\StepperDrive.inc
               MIDESTLOOP   0x0000fa    program     static C:\Users\jackel\Documents\Midi-Bass-Guitar\ESlave.X\StepperDrive.inc
               MIDDLELOOP   0x0000fb    program     static C:\Users\jackel\Documents\Midi-Bass-Guitar\ESlave.X\StepperDrive.inc
               LOWESTLOOP   0x0000fc    program     static C:\Users\jackel\Documents\Midi-Bass-Guitar\ESlave.X\StepperDrive.inc
                EVALBYTE3   0x000105    program     static C:\Users\jackel\Documents\Midi-Bass-Guitar\ESlave.X\StepperDrive.inc
                 HIGHLOOP   0x000109    program     static C:\Users\jackel\Documents\Midi-Bass-Guitar\ESlave.X\StepperDrive.inc
                  MIDLOOP   0x00010a    program     static C:\Users\jackel\Documents\Midi-Bass-Guitar\ESlave.X\StepperDrive.inc
                  LOWLOOP   0x00010b    program     static C:\Users\jackel\Documents\Midi-Bass-Guitar\ESlave.X\StepperDrive.inc
                EVALBYTE2   0x000112    program     static C:\Users\jackel\Documents\Midi-Bass-Guitar\ESlave.X\StepperDrive.inc
               UPPERLOOP0   0x000116    program     static C:\Users\jackel\Documents\Midi-Bass-Guitar\ESlave.X\StepperDrive.inc
                    LOOP0   0x000117    program     static C:\Users\jackel\Documents\Midi-Bass-Guitar\ESlave.X\StepperDrive.inc
                EVALBYTE1   0x00011c    program     static C:\Users\jackel\Documents\Midi-Bass-Guitar\ESlave.X\StepperDrive.inc
               LOWERLOOP1   0x000120    program     static C:\Users\jackel\Documents\Midi-Bass-Guitar\ESlave.X\StepperDrive.inc
                     STEP   0x000124    program     static C:\Users\jackel\Documents\Midi-Bass-Guitar\ESlave.X\StepperDrive.inc
         _DRIVE_CODE_0033   0x000127    program     static C:\Users\jackel\Documents\Midi-Bass-Guitar\ESlave.X\StepperDrive.inc
         _DRIVE_CODE_0038   0x00012c    program     static C:\Users\jackel\Documents\Midi-Bass-Guitar\ESlave.X\StepperDrive.inc
                    DELAY   0x00012f    program     static C:\Users\jackel\Documents\Midi-Bass-Guitar\ESlave.X\StepperDrive.inc
                   PUSHIN   0x00013b    program     static C:\Users\jackel\Documents\Midi-Bass-Guitar\ESlave.X\ESlavePUSHin.inc
                   POPOUT   0x00013f    program     static C:\Users\jackel\Documents\Midi-Bass-Guitar\ESlave.X\ESlavePOPout.inc


