MPLINK 5.09, LINKER
Linker Map File - Created Thu Nov 21 14:16:52 2024

                                 Section Info
                  Section       Type    Address   Location Size(Bytes)
                ---------  ---------  ---------  ---------  ---------
                   .org_0       code   0x000000    program   0x000002
                   .cinit    romdata   0x000001    program   0x000004
                   .org_1       code   0x000004    program   0x000148
               START_CODE       code   0x0000a8    program   0x00009a
               DRIVE_CODE       code   0x0000f5    program   0x00008e
              PUSHIN_CODE       code   0x00013c    program   0x000008
              POPOUT_CODE       code   0x000140    program   0x000008
.config_8007_BUILD/DEFAULT/PRODUCTION/ESLAVE.       code   0x008007    program   0x000002
.config_8008_BUILD/DEFAULT/PRODUCTION/ESLAVE.       code   0x008008    program   0x000002



                              Program Memory Usage 
                               Start         End      
                           ---------   ---------      
                            0x000000    0x000002      
                            0x000004    0x000143      
                            0x008007    0x008008      
            325 out of 16647 program addresses used, program memory utilization is 1%



                              Symbols - Sorted by Name
                     Name    Address   Location    Storage File                     
                ---------  ---------  ---------  --------- ---------                
                 CALCSTEP   0x000066    program     static C:\Users\jackel\Documents\Midi-Bass-Guitar\ESlave.X\ESlave.asm
                    DELAY   0x000130    program     static C:\Users\jackel\Documents\Midi-Bass-Guitar\ESlave.X\StepperDrive.inc
                    DRIVE   0x0000f5    program     static C:\Users\jackel\Documents\Midi-Bass-Guitar\ESlave.X\StepperDrive.inc
                   EQUALS   0x00005c    program     static C:\Users\jackel\Documents\Midi-Bass-Guitar\ESlave.X\ESlave.asm
                EVALBYTE1   0x00011d    program     static C:\Users\jackel\Documents\Midi-Bass-Guitar\ESlave.X\StepperDrive.inc
                EVALBYTE2   0x000113    program     static C:\Users\jackel\Documents\Midi-Bass-Guitar\ESlave.X\StepperDrive.inc
                EVALBYTE3   0x000106    program     static C:\Users\jackel\Documents\Midi-Bass-Guitar\ESlave.X\StepperDrive.inc
                  EVALLOW   0x00006d    program     static C:\Users\jackel\Documents\Midi-Bass-Guitar\ESlave.X\ESlave.asm
                     FIRE   0x00008c    program     static C:\Users\jackel\Documents\Midi-Bass-Guitar\ESlave.X\ESlave.asm
              HIGHESTLOOP   0x0000fa    program     static C:\Users\jackel\Documents\Midi-Bass-Guitar\ESlave.X\StepperDrive.inc
                 HIGHLOOP   0x00010a    program     static C:\Users\jackel\Documents\Midi-Bass-Guitar\ESlave.X\StepperDrive.inc
                    INTER   0x00008e    program     static C:\Users\jackel\Documents\Midi-Bass-Guitar\ESlave.X\ESlave.asm
                    LOOP0   0x000118    program     static C:\Users\jackel\Documents\Midi-Bass-Guitar\ESlave.X\StepperDrive.inc
               LOWERLOOP1   0x000121    program     static C:\Users\jackel\Documents\Midi-Bass-Guitar\ESlave.X\StepperDrive.inc
               LOWESTLOOP   0x0000fd    program     static C:\Users\jackel\Documents\Midi-Bass-Guitar\ESlave.X\StepperDrive.inc
                  LOWLOOP   0x00010c    program     static C:\Users\jackel\Documents\Midi-Bass-Guitar\ESlave.X\StepperDrive.inc
                     MAIN   0x000051    program     static C:\Users\jackel\Documents\Midi-Bass-Guitar\ESlave.X\ESlave.asm
               MIDDLELOOP   0x0000fc    program     static C:\Users\jackel\Documents\Midi-Bass-Guitar\ESlave.X\StepperDrive.inc
               MIDESTLOOP   0x0000fb    program     static C:\Users\jackel\Documents\Midi-Bass-Guitar\ESlave.X\StepperDrive.inc
                  MIDLOOP   0x00010b    program     static C:\Users\jackel\Documents\Midi-Bass-Guitar\ESlave.X\StepperDrive.inc
                   POPOUT   0x000140    program     static C:\Users\jackel\Documents\Midi-Bass-Guitar\ESlave.X\ESlavePOPout.inc
                   PUSHIN   0x00013c    program     static C:\Users\jackel\Documents\Midi-Bass-Guitar\ESlave.X\ESlavePUSHin.inc
                  RECIEVE   0x00009a    program     static C:\Users\jackel\Documents\Midi-Bass-Guitar\ESlave.X\ESlave.asm
                    SETA1   0x000065    program     static C:\Users\jackel\Documents\Midi-Bass-Guitar\ESlave.X\ESlave.asm
                    SETA2   0x000065    program     static C:\Users\jackel\Documents\Midi-Bass-Guitar\ESlave.X\ESlave.asm
                   SETAS1   0x000065    program     static C:\Users\jackel\Documents\Midi-Bass-Guitar\ESlave.X\ESlave.asm
                   SETAS2   0x000065    program     static C:\Users\jackel\Documents\Midi-Bass-Guitar\ESlave.X\ESlave.asm
                    SETB1   0x000065    program     static C:\Users\jackel\Documents\Midi-Bass-Guitar\ESlave.X\ESlave.asm
                    SETB2   0x000065    program     static C:\Users\jackel\Documents\Midi-Bass-Guitar\ESlave.X\ESlave.asm
                    SETC2   0x000065    program     static C:\Users\jackel\Documents\Midi-Bass-Guitar\ESlave.X\ESlave.asm
                    SETC3   0x000065    program     static C:\Users\jackel\Documents\Midi-Bass-Guitar\ESlave.X\ESlave.asm
                   SETCS2   0x000065    program     static C:\Users\jackel\Documents\Midi-Bass-Guitar\ESlave.X\ESlave.asm
                    SETD2   0x000065    program     static C:\Users\jackel\Documents\Midi-Bass-Guitar\ESlave.X\ESlave.asm
                   SETDS2   0x000065    program     static C:\Users\jackel\Documents\Midi-Bass-Guitar\ESlave.X\ESlave.asm
                    SETE1   0x000065    program     static C:\Users\jackel\Documents\Midi-Bass-Guitar\ESlave.X\ESlave.asm
                    SETE2   0x000065    program     static C:\Users\jackel\Documents\Midi-Bass-Guitar\ESlave.X\ESlave.asm
                    SETF1   0x000065    program     static C:\Users\jackel\Documents\Midi-Bass-Guitar\ESlave.X\ESlave.asm
                    SETF2   0x000065    program     static C:\Users\jackel\Documents\Midi-Bass-Guitar\ESlave.X\ESlave.asm
                   SETFS1   0x000065    program     static C:\Users\jackel\Documents\Midi-Bass-Guitar\ESlave.X\ESlave.asm
                   SETFS2   0x000065    program     static C:\Users\jackel\Documents\Midi-Bass-Guitar\ESlave.X\ESlave.asm
                    SETG1   0x000065    program     static C:\Users\jackel\Documents\Midi-Bass-Guitar\ESlave.X\ESlave.asm
                    SETG2   0x000065    program     static C:\Users\jackel\Documents\Midi-Bass-Guitar\ESlave.X\ESlave.asm
                   SETGS1   0x000065    program     static C:\Users\jackel\Documents\Midi-Bass-Guitar\ESlave.X\ESlave.asm
                   SETGS2   0x000065    program     static C:\Users\jackel\Documents\Midi-Bass-Guitar\ESlave.X\ESlave.asm
                    SETUP   0x000005    program     static C:\Users\jackel\Documents\Midi-Bass-Guitar\ESlave.X\ESlave.asm
                    START   0x0000a8    program     static C:\Users\jackel\Documents\Midi-Bass-Guitar\ESlave.X\ESlaveSetup.inc
                     STEP   0x000125    program     static C:\Users\jackel\Documents\Midi-Bass-Guitar\ESlave.X\StepperDrive.inc
                 STEPBACK   0x000088    program     static C:\Users\jackel\Documents\Midi-Bass-Guitar\ESlave.X\ESlave.asm
                STEPBACKH   0x00007c    program     static C:\Users\jackel\Documents\Midi-Bass-Guitar\ESlave.X\ESlave.asm
              STEPFORWARD   0x000084    program     static C:\Users\jackel\Documents\Midi-Bass-Guitar\ESlave.X\ESlave.asm
             STEPFORWARDH   0x000074    program     static C:\Users\jackel\Documents\Midi-Bass-Guitar\ESlave.X\ESlave.asm
                     STOP   0x00005f    program     static C:\Users\jackel\Documents\Midi-Bass-Guitar\ESlave.X\ESlave.asm
               UPPERLOOP0   0x000117    program     static C:\Users\jackel\Documents\Midi-Bass-Guitar\ESlave.X\StepperDrive.inc
             _.org_1_000A   0x00000a    program     static C:\Users\jackel\Documents\Midi-Bass-Guitar\ESlave.X\ESlave.asm
             _.org_1_00A1   0x0000a1    program     static C:\Users\jackel\Documents\Midi-Bass-Guitar\ESlave.X\ESlave.asm
         _DRIVE_CODE_0033   0x000128    program     static C:\Users\jackel\Documents\Midi-Bass-Guitar\ESlave.X\StepperDrive.inc
         _DRIVE_CODE_0038   0x00012d    program     static C:\Users\jackel\Documents\Midi-Bass-Guitar\ESlave.X\StepperDrive.inc



                              Symbols - Sorted by Address
                     Name    Address   Location    Storage File                     
                ---------  ---------  ---------  --------- ---------                
                    SETUP   0x000005    program     static C:\Users\jackel\Documents\Midi-Bass-Guitar\ESlave.X\ESlave.asm
             _.org_1_000A   0x00000a    program     static C:\Users\jackel\Documents\Midi-Bass-Guitar\ESlave.X\ESlave.asm
                     MAIN   0x000051    program     static C:\Users\jackel\Documents\Midi-Bass-Guitar\ESlave.X\ESlave.asm
                   EQUALS   0x00005c    program     static C:\Users\jackel\Documents\Midi-Bass-Guitar\ESlave.X\ESlave.asm
                     STOP   0x00005f    program     static C:\Users\jackel\Documents\Midi-Bass-Guitar\ESlave.X\ESlave.asm
                   SETAS1   0x000065    program     static C:\Users\jackel\Documents\Midi-Bass-Guitar\ESlave.X\ESlave.asm
                    SETA2   0x000065    program     static C:\Users\jackel\Documents\Midi-Bass-Guitar\ESlave.X\ESlave.asm
                    SETA1   0x000065    program     static C:\Users\jackel\Documents\Midi-Bass-Guitar\ESlave.X\ESlave.asm
                   SETAS2   0x000065    program     static C:\Users\jackel\Documents\Midi-Bass-Guitar\ESlave.X\ESlave.asm
                    SETB1   0x000065    program     static C:\Users\jackel\Documents\Midi-Bass-Guitar\ESlave.X\ESlave.asm
                    SETB2   0x000065    program     static C:\Users\jackel\Documents\Midi-Bass-Guitar\ESlave.X\ESlave.asm
                    SETC2   0x000065    program     static C:\Users\jackel\Documents\Midi-Bass-Guitar\ESlave.X\ESlave.asm
                    SETC3   0x000065    program     static C:\Users\jackel\Documents\Midi-Bass-Guitar\ESlave.X\ESlave.asm
                   SETCS2   0x000065    program     static C:\Users\jackel\Documents\Midi-Bass-Guitar\ESlave.X\ESlave.asm
                    SETD2   0x000065    program     static C:\Users\jackel\Documents\Midi-Bass-Guitar\ESlave.X\ESlave.asm
                   SETDS2   0x000065    program     static C:\Users\jackel\Documents\Midi-Bass-Guitar\ESlave.X\ESlave.asm
                    SETE1   0x000065    program     static C:\Users\jackel\Documents\Midi-Bass-Guitar\ESlave.X\ESlave.asm
                    SETE2   0x000065    program     static C:\Users\jackel\Documents\Midi-Bass-Guitar\ESlave.X\ESlave.asm
                    SETF1   0x000065    program     static C:\Users\jackel\Documents\Midi-Bass-Guitar\ESlave.X\ESlave.asm
                    SETF2   0x000065    program     static C:\Users\jackel\Documents\Midi-Bass-Guitar\ESlave.X\ESlave.asm
                   SETFS1   0x000065    program     static C:\Users\jackel\Documents\Midi-Bass-Guitar\ESlave.X\ESlave.asm
                   SETFS2   0x000065    program     static C:\Users\jackel\Documents\Midi-Bass-Guitar\ESlave.X\ESlave.asm
                    SETG1   0x000065    program     static C:\Users\jackel\Documents\Midi-Bass-Guitar\ESlave.X\ESlave.asm
                    SETG2   0x000065    program     static C:\Users\jackel\Documents\Midi-Bass-Guitar\ESlave.X\ESlave.asm
                   SETGS1   0x000065    program     static C:\Users\jackel\Documents\Midi-Bass-Guitar\ESlave.X\ESlave.asm
                   SETGS2   0x000065    program     static C:\Users\jackel\Documents\Midi-Bass-Guitar\ESlave.X\ESlave.asm
                 CALCSTEP   0x000066    program     static C:\Users\jackel\Documents\Midi-Bass-Guitar\ESlave.X\ESlave.asm
                  EVALLOW   0x00006d    program     static C:\Users\jackel\Documents\Midi-Bass-Guitar\ESlave.X\ESlave.asm
             STEPFORWARDH   0x000074    program     static C:\Users\jackel\Documents\Midi-Bass-Guitar\ESlave.X\ESlave.asm
                STEPBACKH   0x00007c    program     static C:\Users\jackel\Documents\Midi-Bass-Guitar\ESlave.X\ESlave.asm
              STEPFORWARD   0x000084    program     static C:\Users\jackel\Documents\Midi-Bass-Guitar\ESlave.X\ESlave.asm
                 STEPBACK   0x000088    program     static C:\Users\jackel\Documents\Midi-Bass-Guitar\ESlave.X\ESlave.asm
                     FIRE   0x00008c    program     static C:\Users\jackel\Documents\Midi-Bass-Guitar\ESlave.X\ESlave.asm
                    INTER   0x00008e    program     static C:\Users\jackel\Documents\Midi-Bass-Guitar\ESlave.X\ESlave.asm
                  RECIEVE   0x00009a    program     static C:\Users\jackel\Documents\Midi-Bass-Guitar\ESlave.X\ESlave.asm
             _.org_1_00A1   0x0000a1    program     static C:\Users\jackel\Documents\Midi-Bass-Guitar\ESlave.X\ESlave.asm
                    START   0x0000a8    program     static C:\Users\jackel\Documents\Midi-Bass-Guitar\ESlave.X\ESlaveSetup.inc
                    DRIVE   0x0000f5    program     static C:\Users\jackel\Documents\Midi-Bass-Guitar\ESlave.X\StepperDrive.inc
              HIGHESTLOOP   0x0000fa    program     static C:\Users\jackel\Documents\Midi-Bass-Guitar\ESlave.X\StepperDrive.inc
               MIDESTLOOP   0x0000fb    program     static C:\Users\jackel\Documents\Midi-Bass-Guitar\ESlave.X\StepperDrive.inc
               MIDDLELOOP   0x0000fc    program     static C:\Users\jackel\Documents\Midi-Bass-Guitar\ESlave.X\StepperDrive.inc
               LOWESTLOOP   0x0000fd    program     static C:\Users\jackel\Documents\Midi-Bass-Guitar\ESlave.X\StepperDrive.inc
                EVALBYTE3   0x000106    program     static C:\Users\jackel\Documents\Midi-Bass-Guitar\ESlave.X\StepperDrive.inc
                 HIGHLOOP   0x00010a    program     static C:\Users\jackel\Documents\Midi-Bass-Guitar\ESlave.X\StepperDrive.inc
                  MIDLOOP   0x00010b    program     static C:\Users\jackel\Documents\Midi-Bass-Guitar\ESlave.X\StepperDrive.inc
                  LOWLOOP   0x00010c    program     static C:\Users\jackel\Documents\Midi-Bass-Guitar\ESlave.X\StepperDrive.inc
                EVALBYTE2   0x000113    program     static C:\Users\jackel\Documents\Midi-Bass-Guitar\ESlave.X\StepperDrive.inc
               UPPERLOOP0   0x000117    program     static C:\Users\jackel\Documents\Midi-Bass-Guitar\ESlave.X\StepperDrive.inc
                    LOOP0   0x000118    program     static C:\Users\jackel\Documents\Midi-Bass-Guitar\ESlave.X\StepperDrive.inc
                EVALBYTE1   0x00011d    program     static C:\Users\jackel\Documents\Midi-Bass-Guitar\ESlave.X\StepperDrive.inc
               LOWERLOOP1   0x000121    program     static C:\Users\jackel\Documents\Midi-Bass-Guitar\ESlave.X\StepperDrive.inc
                     STEP   0x000125    program     static C:\Users\jackel\Documents\Midi-Bass-Guitar\ESlave.X\StepperDrive.inc
         _DRIVE_CODE_0033   0x000128    program     static C:\Users\jackel\Documents\Midi-Bass-Guitar\ESlave.X\StepperDrive.inc
         _DRIVE_CODE_0038   0x00012d    program     static C:\Users\jackel\Documents\Midi-Bass-Guitar\ESlave.X\StepperDrive.inc
                    DELAY   0x000130    program     static C:\Users\jackel\Documents\Midi-Bass-Guitar\ESlave.X\StepperDrive.inc
                   PUSHIN   0x00013c    program     static C:\Users\jackel\Documents\Midi-Bass-Guitar\ESlave.X\ESlavePUSHin.inc
                   POPOUT   0x000140    program     static C:\Users\jackel\Documents\Midi-Bass-Guitar\ESlave.X\ESlavePOPout.inc


