MPLINK 5.09, LINKER
Linker Map File - Created Tue Nov 19 14:00:02 2024

                                 Section Info
                  Section       Type    Address   Location Size(Bytes)
                ---------  ---------  ---------  ---------  ---------
                   .org_0       code   0x000000    program   0x000002
                   .cinit    romdata   0x000001    program   0x000004
                   .org_1       code   0x000004    program   0x0001ca
               START_CODE       code   0x0000e9    program   0x00009a
              PUSHIN_CODE       code   0x000136    program   0x00000a
              POPOUT_CODE       code   0x00013b    program   0x00000a
.config_8007_BUILD/DEFAULT/PRODUCTION/PLUCK S       code   0x008007    program   0x000002
.config_8008_BUILD/DEFAULT/PRODUCTION/PLUCK S       code   0x008008    program   0x000002



                              Program Memory Usage 
                               Start         End      
                           ---------   ---------      
                            0x000000    0x000002      
                            0x000004    0x00013f      
                            0x008007    0x008008      
            321 out of 16647 program addresses used, program memory utilization is 1%



                              Symbols - Sorted by Name
                     Name    Address   Location    Storage File                     
                ---------  ---------  ---------  --------- ---------                
                ADDRETURN   0x0000c8    program     static C:\Users\jackel\Documents\Midi-Bass-Guitar\PluckSlave.X\Pluck Slave.asm
                     ALTA   0x00005c    program     static C:\Users\jackel\Documents\Midi-Bass-Guitar\PluckSlave.X\Pluck Slave.asm
                     ALTD   0x00006c    program     static C:\Users\jackel\Documents\Midi-Bass-Guitar\PluckSlave.X\Pluck Slave.asm
                     ALTE   0x00004c    program     static C:\Users\jackel\Documents\Midi-Bass-Guitar\PluckSlave.X\Pluck Slave.asm
                     ALTG   0x00007c    program     static C:\Users\jackel\Documents\Midi-Bass-Guitar\PluckSlave.X\Pluck Slave.asm
                    CLEAR   0x000040    program     static C:\Users\jackel\Documents\Midi-Bass-Guitar\PluckSlave.X\Pluck Slave.asm
                    INTER   0x0000a2    program     static C:\Users\jackel\Documents\Midi-Bass-Guitar\PluckSlave.X\Pluck Slave.asm
                     MAIN   0x000029    program     static C:\Users\jackel\Documents\Midi-Bass-Guitar\PluckSlave.X\Pluck Slave.asm
                     PICK   0x000084    program     static C:\Users\jackel\Documents\Midi-Bass-Guitar\PluckSlave.X\Pluck Slave.asm
                   PLUCKA   0x000054    program     static C:\Users\jackel\Documents\Midi-Bass-Guitar\PluckSlave.X\Pluck Slave.asm
                   PLUCKD   0x000064    program     static C:\Users\jackel\Documents\Midi-Bass-Guitar\PluckSlave.X\Pluck Slave.asm
                   PLUCKE   0x000044    program     static C:\Users\jackel\Documents\Midi-Bass-Guitar\PluckSlave.X\Pluck Slave.asm
                   PLUCKG   0x000074    program     static C:\Users\jackel\Documents\Midi-Bass-Guitar\PluckSlave.X\Pluck Slave.asm
                   POPOUT   0x00013b    program     static C:\Users\jackel\Documents\Midi-Bass-Guitar\PluckSlave.X\PluckPOPout.inc
                   PUSHIN   0x000136    program     static C:\Users\jackel\Documents\Midi-Bass-Guitar\PluckSlave.X\PluckPUSHin.inc
                  RECIEVE   0x0000b4    program     static C:\Users\jackel\Documents\Midi-Bass-Guitar\PluckSlave.X\Pluck Slave.asm
                    SETUP   0x000005    program     static C:\Users\jackel\Documents\Midi-Bass-Guitar\PluckSlave.X\Pluck Slave.asm
                    SKIPA   0x000062    program     static C:\Users\jackel\Documents\Midi-Bass-Guitar\PluckSlave.X\Pluck Slave.asm
                    SKIPD   0x000072    program     static C:\Users\jackel\Documents\Midi-Bass-Guitar\PluckSlave.X\Pluck Slave.asm
                    SKIPE   0x000052    program     static C:\Users\jackel\Documents\Midi-Bass-Guitar\PluckSlave.X\Pluck Slave.asm
                    SKIPG   0x000082    program     static C:\Users\jackel\Documents\Midi-Bass-Guitar\PluckSlave.X\Pluck Slave.asm
                    START   0x0000e9    program     static C:\Users\jackel\Documents\Midi-Bass-Guitar\PluckSlave.X\PluckSetup.inc
                 STARTTMR   0x000085    program     static C:\Users\jackel\Documents\Midi-Bass-Guitar\PluckSlave.X\Pluck Slave.asm
                     STOP   0x00009c    program     static C:\Users\jackel\Documents\Midi-Bass-Guitar\PluckSlave.X\Pluck Slave.asm
                STRINGSEL   0x0000cb    program     static C:\Users\jackel\Documents\Midi-Bass-Guitar\PluckSlave.X\Pluck Slave.asm
                   SWITCH   0x0000d2    program     static C:\Users\jackel\Documents\Midi-Bass-Guitar\PluckSlave.X\Pluck Slave.asm
             _.org_1_000A   0x00000a    program     static C:\Users\jackel\Documents\Midi-Bass-Guitar\PluckSlave.X\Pluck Slave.asm
             _.org_1_004D   0x00004d    program     static C:\Users\jackel\Documents\Midi-Bass-Guitar\PluckSlave.X\Pluck Slave.asm
             _.org_1_005D   0x00005d    program     static C:\Users\jackel\Documents\Midi-Bass-Guitar\PluckSlave.X\Pluck Slave.asm
             _.org_1_006D   0x00006d    program     static C:\Users\jackel\Documents\Midi-Bass-Guitar\PluckSlave.X\Pluck Slave.asm
             _.org_1_007D   0x00007d    program     static C:\Users\jackel\Documents\Midi-Bass-Guitar\PluckSlave.X\Pluck Slave.asm



                              Symbols - Sorted by Address
                     Name    Address   Location    Storage File                     
                ---------  ---------  ---------  --------- ---------                
                    SETUP   0x000005    program     static C:\Users\jackel\Documents\Midi-Bass-Guitar\PluckSlave.X\Pluck Slave.asm
             _.org_1_000A   0x00000a    program     static C:\Users\jackel\Documents\Midi-Bass-Guitar\PluckSlave.X\Pluck Slave.asm
                     MAIN   0x000029    program     static C:\Users\jackel\Documents\Midi-Bass-Guitar\PluckSlave.X\Pluck Slave.asm
                    CLEAR   0x000040    program     static C:\Users\jackel\Documents\Midi-Bass-Guitar\PluckSlave.X\Pluck Slave.asm
                   PLUCKE   0x000044    program     static C:\Users\jackel\Documents\Midi-Bass-Guitar\PluckSlave.X\Pluck Slave.asm
                     ALTE   0x00004c    program     static C:\Users\jackel\Documents\Midi-Bass-Guitar\PluckSlave.X\Pluck Slave.asm
             _.org_1_004D   0x00004d    program     static C:\Users\jackel\Documents\Midi-Bass-Guitar\PluckSlave.X\Pluck Slave.asm
                    SKIPE   0x000052    program     static C:\Users\jackel\Documents\Midi-Bass-Guitar\PluckSlave.X\Pluck Slave.asm
                   PLUCKA   0x000054    program     static C:\Users\jackel\Documents\Midi-Bass-Guitar\PluckSlave.X\Pluck Slave.asm
                     ALTA   0x00005c    program     static C:\Users\jackel\Documents\Midi-Bass-Guitar\PluckSlave.X\Pluck Slave.asm
             _.org_1_005D   0x00005d    program     static C:\Users\jackel\Documents\Midi-Bass-Guitar\PluckSlave.X\Pluck Slave.asm
                    SKIPA   0x000062    program     static C:\Users\jackel\Documents\Midi-Bass-Guitar\PluckSlave.X\Pluck Slave.asm
                   PLUCKD   0x000064    program     static C:\Users\jackel\Documents\Midi-Bass-Guitar\PluckSlave.X\Pluck Slave.asm
                     ALTD   0x00006c    program     static C:\Users\jackel\Documents\Midi-Bass-Guitar\PluckSlave.X\Pluck Slave.asm
             _.org_1_006D   0x00006d    program     static C:\Users\jackel\Documents\Midi-Bass-Guitar\PluckSlave.X\Pluck Slave.asm
                    SKIPD   0x000072    program     static C:\Users\jackel\Documents\Midi-Bass-Guitar\PluckSlave.X\Pluck Slave.asm
                   PLUCKG   0x000074    program     static C:\Users\jackel\Documents\Midi-Bass-Guitar\PluckSlave.X\Pluck Slave.asm
                     ALTG   0x00007c    program     static C:\Users\jackel\Documents\Midi-Bass-Guitar\PluckSlave.X\Pluck Slave.asm
             _.org_1_007D   0x00007d    program     static C:\Users\jackel\Documents\Midi-Bass-Guitar\PluckSlave.X\Pluck Slave.asm
                    SKIPG   0x000082    program     static C:\Users\jackel\Documents\Midi-Bass-Guitar\PluckSlave.X\Pluck Slave.asm
                     PICK   0x000084    program     static C:\Users\jackel\Documents\Midi-Bass-Guitar\PluckSlave.X\Pluck Slave.asm
                 STARTTMR   0x000085    program     static C:\Users\jackel\Documents\Midi-Bass-Guitar\PluckSlave.X\Pluck Slave.asm
                     STOP   0x00009c    program     static C:\Users\jackel\Documents\Midi-Bass-Guitar\PluckSlave.X\Pluck Slave.asm
                    INTER   0x0000a2    program     static C:\Users\jackel\Documents\Midi-Bass-Guitar\PluckSlave.X\Pluck Slave.asm
                  RECIEVE   0x0000b4    program     static C:\Users\jackel\Documents\Midi-Bass-Guitar\PluckSlave.X\Pluck Slave.asm
                ADDRETURN   0x0000c8    program     static C:\Users\jackel\Documents\Midi-Bass-Guitar\PluckSlave.X\Pluck Slave.asm
                STRINGSEL   0x0000cb    program     static C:\Users\jackel\Documents\Midi-Bass-Guitar\PluckSlave.X\Pluck Slave.asm
                   SWITCH   0x0000d2    program     static C:\Users\jackel\Documents\Midi-Bass-Guitar\PluckSlave.X\Pluck Slave.asm
                    START   0x0000e9    program     static C:\Users\jackel\Documents\Midi-Bass-Guitar\PluckSlave.X\PluckSetup.inc
                   PUSHIN   0x000136    program     static C:\Users\jackel\Documents\Midi-Bass-Guitar\PluckSlave.X\PluckPUSHin.inc
                   POPOUT   0x00013b    program     static C:\Users\jackel\Documents\Midi-Bass-Guitar\PluckSlave.X\PluckPOPout.inc


